
Discarded input sections

 .data          0x0000000000000000        0x0 arch/arm/cpu/armv8/start.o
 .bss           0x0000000000000000        0x0 arch/arm/cpu/armv8/start.o
 .text          0x0000000000000000        0x0 arch/arm/mach-rockchip/built-in.o
 .text.rockchip_get_boot_mode
                0x0000000000000000      0x1e8 arch/arm/mach-rockchip/built-in.o
 .text.param_parse_ddr_mem
                0x0000000000000000      0x170 arch/arm/mach-rockchip/built-in.o
 .text.param_parse_pre_serial
                0x0000000000000000       0x9c arch/arm/mach-rockchip/built-in.o
 .text.param_parse_pubkey_fuse_programmed
                0x0000000000000000       0x58 arch/arm/mach-rockchip/built-in.o
 .text.rockchip_sdram_size
                0x0000000000000000      0x1a8 arch/arm/mach-rockchip/built-in.o
 .text.get_page_size
                0x0000000000000000       0x20 arch/arm/mach-rockchip/built-in.o
 .text.get_ddr_bw
                0x0000000000000000       0x20 arch/arm/mach-rockchip/built-in.o
 .text.dram_init_banksize
                0x0000000000000000       0x18 arch/arm/mach-rockchip/built-in.o
 .text.dram_init
                0x0000000000000000       0x34 arch/arm/mach-rockchip/built-in.o
 .text.board_get_usable_ram_top
                0x0000000000000000       0x18 arch/arm/mach-rockchip/built-in.o
 .text.rockchip_setup_ddr_param
                0x0000000000000000       0x4c arch/arm/mach-rockchip/built-in.o
 .text.fdt_rm_path
                0x0000000000000000       0x28 arch/arm/mach-rockchip/built-in.o
 .text.rk_board_fdt_fixup
                0x0000000000000000      0x4d8 arch/arm/mach-rockchip/built-in.o
 .text.set_armclk_rate
                0x0000000000000000       0xe4 arch/arm/mach-rockchip/built-in.o
 .text.rockchip_get_clk
                0x0000000000000000       0x14 arch/arm/mach-rockchip/built-in.o
 .text.rockchip_get_cru
                0x0000000000000000       0x30 arch/arm/mach-rockchip/built-in.o
 .text.back_to_bootrom
                0x0000000000000000       0x2c arch/arm/mach-rockchip/built-in.o
 .text.board_return_to_bootrom
                0x0000000000000000        0x8 arch/arm/mach-rockchip/built-in.o
 .text.atags_is_available
                0x0000000000000000       0x1c arch/arm/mach-rockchip/built-in.o
 .text.get_bootdev_by_brom_bootsource
                0x0000000000000000       0x30 arch/arm/mach-rockchip/built-in.o
 .text.atags_set_bootdev_by_brom_bootsource
                0x0000000000000000       0x38 arch/arm/mach-rockchip/built-in.o
 .text.get_bootdev_by_spl_bootdevice
                0x0000000000000000       0x20 arch/arm/mach-rockchip/built-in.o
 .text.atags_set_pub_key
                0x0000000000000000       0x78 arch/arm/mach-rockchip/built-in.o
 .text.atags_destroy
                0x0000000000000000       0x28 arch/arm/mach-rockchip/built-in.o
 .text.puts_to_ram
                0x0000000000000000       0x30 arch/arm/mach-rockchip/built-in.o
 .rodata        0x0000000000000000       0x80 arch/arm/mach-rockchip/built-in.o
 .rodata.rockchip_get_boot_mode
                0x0000000000000000        0xd arch/arm/mach-rockchip/built-in.o
 .rodata.rockchip_get_boot_mode.str1.1
                0x0000000000000000      0x107 arch/arm/mach-rockchip/built-in.o
 .rodata.param_parse_ddr_mem.str1.1
                0x0000000000000000       0x1a arch/arm/mach-rockchip/built-in.o
 .rodata.param_parse_pubkey_fuse_programmed.str1.1
                0x0000000000000000       0x2d arch/arm/mach-rockchip/built-in.o
 .rodata.get_page_size.str1.1
                0x0000000000000000       0x2b arch/arm/mach-rockchip/built-in.o
 .rodata.__func__.8655
                0x0000000000000000       0x10 arch/arm/mach-rockchip/built-in.o
 .rodata.rk_board_fdt_fixup.str1.1
                0x0000000000000000      0x260 arch/arm/mach-rockchip/built-in.o
 .rodata.set_armclk_rate.str1.1
                0x0000000000000000       0x93 arch/arm/mach-rockchip/built-in.o
 .rodata.back_to_bootrom.str1.1
                0x0000000000000000       0x1a arch/arm/mach-rockchip/built-in.o
 .rodata.bootdev_map
                0x0000000000000000       0x2c arch/arm/mach-rockchip/built-in.o
 .bss           0x0000000000000000        0x0 arch/arm/mach-rockchip/built-in.o
 .text.sdelay   0x0000000000000000        0xc arch/arm/cpu/armv8/built-in.o
 .text.cleanup_before_linux
                0x0000000000000000       0x2c arch/arm/cpu/armv8/built-in.o
 .text.timer_read_counter
                0x0000000000000000        0xc arch/arm/cpu/armv8/built-in.o
 .text.usec2ticks
                0x0000000000000000       0x44 arch/arm/cpu/armv8/built-in.o
 .text.timer_get_boot_us
                0x0000000000000000       0x14 arch/arm/cpu/armv8/built-in.o
 .text.set_one_region
                0x0000000000000000       0xd4 arch/arm/cpu/armv8/built-in.o
 .text.dcache_status
                0x0000000000000000       0x34 arch/arm/cpu/armv8/built-in.o
 .text.arch_get_page_table
[...]
Memory Configuration

Name             Origin             Length             Attributes
.sram            0x0000000000000000 0x0000000000040000
.sdram           0x0000000003fe0000 0x0000000000010000
*default*        0x0000000000000000 0xffffffffffffffff

Linker script and memory map


.text           0x0000000000000000    0x23388
                0x0000000000000000                . = ALIGN (0x8)
 *(.__image_copy_start)
 .__image_copy_start
                0x0000000000000000        0x0 arch/arm/lib/built-in.o
                0x0000000000000000                __image_copy_start
 arch/arm/cpu/armv8/start.o(.text*)
 .text          0x0000000000000000      0x120 arch/arm/cpu/armv8/start.o
                0x0000000000000000                _start
                0x0000000000000008                _TEXT_BASE
                0x0000000000000010                _end_ofs
                0x0000000000000018                _bss_start_ofs
                0x0000000000000020                _bss_end_ofs
                0x000000000000002c                save_boot_params_ret
                0x0000000000000094                apply_core_errata
                0x00000000000000b8                lowlevel_init
                0x00000000000000c4                smp_kick_all_cpus
                0x00000000000000d0                c_runtime_cpu_setup
 *(.text*)
 .text.fit_image_get_uncomp_digest
                0x0000000000000120       0x84 arch/arm/mach-rockchip/built-in.o
 .text.board_fit_image_post_process
                0x00000000000001a4      0x15c arch/arm/mach-rockchip/built-in.o
                0x00000000000001a4                board_fit_image_post_process
 .text.fit_board_verify_required_sigs
                0x0000000000000300       0x68 arch/arm/mach-rockchip/built-in.o
                0x0000000000000300                fit_board_verify_required_sigs
 .text.board_debug_uart_init
                0x0000000000000368       0x30 arch/arm/mach-rockchip/built-in.o
                0x0000000000000368                board_debug_uart_init
 .text.rockchip_stimer_init
                0x0000000000000398       0x94 arch/arm/mach-rockchip/built-in.o
                0x0000000000000398                rockchip_stimer_init
 .text.spl_board_sd_iomux_save
                0x000000000000042c       0x4c arch/arm/mach-rockchip/built-in.o
                0x000000000000042c                spl_board_sd_iomux_save
 .text.spl_board_storages_fixup
                0x0000000000000478       0xa0 arch/arm/mach-rockchip/built-in.o
                0x0000000000000478                spl_board_storages_fixup
 .text.arch_cpu_init
                0x0000000000000518      0x30c arch/arm/mach-rockchip/built-in.o
                0x0000000000000518                arch_cpu_init
 .text.spl_fit_standalone_release
                0x0000000000000824       0xe4 arch/arm/mach-rockchip/built-in.o
                0x0000000000000824                spl_fit_standalone_release
 .text.rockchip_get_scmi_clk
                0x0000000000000908       0x14 arch/arm/mach-rockchip/built-in.o
                0x0000000000000908                rockchip_get_scmi_clk
 .text.save_boot_params
                0x000000000000091c       0xa4 arch/arm/mach-rockchip/built-in.o
                0x000000000000091c                save_boot_params
 .text.board_spl_was_booted_from
                0x00000000000009c0       0x38 arch/arm/mach-rockchip/built-in.o
                0x00000000000009c0                board_spl_was_booted_from
 .text.spl_boot_device
                0x00000000000009f8        0x8 arch/arm/mach-rockchip/built-in.o
                0x00000000000009f8                spl_boot_device
 .text.spl_boot_mode
                0x0000000000000a00        0x8 arch/arm/mach-rockchip/built-in.o
                0x0000000000000a00                spl_boot_mode
 .text.rk_board_init_f
                0x0000000000000a08        0x8 arch/arm/mach-rockchip/built-in.o
                0x0000000000000a08                rk_board_init_f
 .text.board_init_f
                0x0000000000000a10       0x70 arch/arm/mach-rockchip/built-in.o
                0x0000000000000a10                board_init_f
 .text.board_fit_config_name_match
                0x0000000000000a80        0x8 arch/arm/mach-rockchip/built-in.o
                0x0000000000000a80                board_fit_config_name_match
 .text.board_init_f_boot_flags
                0x0000000000000a88       0x80 arch/arm/mach-rockchip/built-in.o
                0x0000000000000a88                board_init_f_boot_flags
 .text.rk_spl_board_init
                0x0000000000000b08        0x8 arch/arm/mach-rockchip/built-in.o
                0x0000000000000b08                rk_spl_board_init
 .text.spl_board_init
                0x0000000000000b10        0x4 arch/arm/mach-rockchip/built-in.o
                0x0000000000000b10                spl_board_init
 .text.spl_perform_fixups
                0x0000000000000b14        0x8 arch/arm/mach-rockchip/built-in.o
                0x0000000000000b14                spl_perform_fixups
 .text.spl_hang_reset
                0x0000000000000b1c       0x54 arch/arm/mach-rockchip/built-in.o
                0x0000000000000b1c                spl_hang_reset
 .text.spl_board_prepare_for_jump
                0x0000000000000b70       0x18 arch/arm/mach-rockchip/built-in.o
                0x0000000000000b70                spl_board_prepare_for_jump
 .text.board_boot_order
                0x0000000000000b88      0x1f4 arch/arm/mach-rockchip/built-in.o
                0x0000000000000b88                board_boot_order
 .text.js_hash  0x0000000000000d7c       0x50 arch/arm/mach-rockchip/built-in.o
 .text.atags_bad_magic
                0x0000000000000dcc       0x64 arch/arm/mach-rockchip/built-in.o
                0x0000000000000dcc                atags_bad_magic
 .text.atags_overflow
                0x0000000000000e30       0x54 arch/arm/mach-rockchip/built-in.o
                0x0000000000000e30                atags_overflow
 .text.atags_set_tag
                0x0000000000000e84      0x178 arch/arm/mach-rockchip/built-in.o
                0x0000000000000e84                atags_set_tag
 .text.atags_get_tag
                0x0000000000000ffc       0xa0 arch/arm/mach-rockchip/built-in.o
                0x0000000000000ffc                atags_get_tag
 .text.atags_set_bootdev_by_spl_bootdevice
                0x000000000000109c       0x5c arch/arm/mach-rockchip/built-in.o
                0x000000000000109c                atags_set_bootdev_by_spl_bootdevice
 .text.param_parse_pstore
                0x00000000000010f8       0x8c arch/arm/mach-rockchip/built-in.o
                0x00000000000010f8                param_parse_pstore
 .text.putc_to_ram
                0x0000000000001184       0x50 arch/arm/mach-rockchip/built-in.o
                0x0000000000001184                putc_to_ram
 *fill*         0x00000000000011d4      0x62c 
 .text          0x0000000000001800      0x544 arch/arm/cpu/armv8/built-in.o
                0x0000000000001800                vectors
                0x0000000000001cec                __arm_smccc_smc
                0x0000000000001d18                __arm_smccc_hvc
 .text.get_tbclk
                0x0000000000001d44        0x8 arch/arm/cpu/armv8/built-in.o
                0x0000000000001d44                get_tbclk
 .text.get_ticks
                0x0000000000001d4c       0x10 arch/arm/cpu/armv8/built-in.o
                0x0000000000001d4c                get_ticks
 .text.count_required_pts
                0x0000000000001d5c       0xf8 arch/arm/cpu/armv8/built-in.o
 .text.create_table
                0x0000000000001e54       0x70 arch/arm/cpu/armv8/built-in.o
 .text.split_block
                0x0000000000001ec4       0xa0 arch/arm/cpu/armv8/built-in.o
 .text.get_tcr  0x0000000000001f64       0xe8 arch/arm/cpu/armv8/built-in.o
                0x0000000000001f64                get_tcr
 .text.find_pte
                0x000000000000204c       0x94 arch/arm/cpu/armv8/built-in.o
 .text.get_page_table_size
                0x00000000000020e0       0x4c arch/arm/cpu/armv8/built-in.o
                0x00000000000020e0                get_page_table_size
 .text.setup_pgtables
                0x000000000000212c      0x17c arch/arm/cpu/armv8/built-in.o
                0x000000000000212c                setup_pgtables
 .text.mmu_setup
                0x00000000000022a8      0x13c arch/arm/cpu/armv8/built-in.o
                0x00000000000022a8                mmu_setup
 .text.invalidate_dcache_all
                0x00000000000023e4       0x14 arch/arm/cpu/armv8/built-in.o
                0x00000000000023e4                invalidate_dcache_all
 .text.flush_dcache_all
                0x00000000000023f8       0x14 arch/arm/cpu/armv8/built-in.o
                0x00000000000023f8                flush_dcache_all
 .text.invalidate_dcache_range
                0x000000000000240c        0x4 arch/arm/cpu/armv8/built-in.o
                0x000000000000240c                invalidate_dcache_range
 .text.flush_dcache_range
                0x0000000000002410        0x4 arch/arm/cpu/armv8/built-in.o
                0x0000000000002410                flush_dcache_range
 .text.dcache_enable
                0x0000000000002414      0x110 arch/arm/cpu/armv8/built-in.o
                0x0000000000002414                dcache_enable
 .text.dcache_disable
                0x0000000000002524       0x84 arch/arm/cpu/armv8/built-in.o
                0x0000000000002524                dcache_disable
 .text.icache_disable
                0x00000000000025a8       0x64 arch/arm/cpu/armv8/built-in.o
                0x00000000000025a8                icache_disable
 .text.invalidate_icache_all
                0x000000000000260c       0x14 arch/arm/cpu/armv8/built-in.o
                0x000000000000260c                invalidate_icache_all
 .text.__asm_dcache_level
                0x0000000000002620       0x64 arch/arm/cpu/armv8/built-in.o
                0x0000000000002620                __asm_dcache_level
 .text.__asm_dcache_all
                0x0000000000002684       0x60 arch/arm/cpu/armv8/built-in.o
                0x0000000000002684                __asm_dcache_all
 .text.__asm_flush_dcache_all
                0x00000000000026e4        0x8 arch/arm/cpu/armv8/built-in.o
                0x00000000000026e4                __asm_flush_dcache_all
 .text.__asm_invalidate_dcache_all
                0x00000000000026ec        0x8 arch/arm/cpu/armv8/built-in.o
                0x00000000000026ec                __asm_invalidate_dcache_all
 .text.__asm_flush_dcache_range
                0x00000000000026f4       0x3c arch/arm/cpu/armv8/built-in.o
                0x00000000000026f4                __asm_flush_dcache_range
 .text.__asm_invalidate_dcache_range
                0x0000000000002730       0x34 arch/arm/cpu/armv8/built-in.o
                0x0000000000002730                __asm_invalidate_dcache_range
 .text.__asm_invalidate_icache_all
                0x0000000000002764        0xc arch/arm/cpu/armv8/built-in.o
                0x0000000000002764                __asm_invalidate_icache_all
 .text.__asm_invalidate_l3_dcache
                0x0000000000002770        0x8 arch/arm/cpu/armv8/built-in.o
                0x0000000000002770                __asm_invalidate_l3_dcache
 .text.__asm_flush_l3_dcache
                0x0000000000002778        0x8 arch/arm/cpu/armv8/built-in.o
                0x0000000000002778                __asm_flush_l3_dcache
 .text.__asm_invalidate_l3_icache
                0x0000000000002780        0x8 arch/arm/cpu/armv8/built-in.o
                0x0000000000002780                __asm_invalidate_l3_icache
 .text.__asm_invalidate_tlb_all
                0x0000000000002788       0x4c arch/arm/cpu/armv8/built-in.o
                0x0000000000002788                __asm_invalidate_tlb_all
 *fill*         0x00000000000027d4        0x4 
 .text          0x00000000000027d8      0x2c0 arch/arm/lib/built-in.o
                0x00000000000027d8                _main
                0x00000000000028c0                relocate_code
                0x0000000000002994                gic_init_secure
                0x00000000000029c8                gic_init_secure_percpu
                0x0000000000002a74                gic_kick_secondary_cpus
                0x0000000000002a84                gic_wait_for_interrupt
 .text.setjmp   0x0000000000002a98       0x28 arch/arm/lib/built-in.o
                0x0000000000002a98                setjmp
 .text.longjmp  0x0000000000002ac0       0x40 arch/arm/lib/built-in.o
                0x0000000000002ac0                longjmp
 .text.disable_interrupts
                0x0000000000002b00        0x8 arch/arm/lib/built-in.o
                0x0000000000002b00                disable_interrupts
 .text.show_regs
                0x0000000000002b08       0xc8 arch/arm/lib/built-in.o
                0x0000000000002b08                show_regs
 .text.do_bad_sync
                0x0000000000002bd0       0x30 arch/arm/lib/built-in.o
                0x0000000000002bd0                do_bad_sync
 .text.do_bad_irq
                0x0000000000002c00       0x30 arch/arm/lib/built-in.o
                0x0000000000002c00                do_bad_irq
 .text.do_bad_fiq
                0x0000000000002c30       0x30 arch/arm/lib/built-in.o
                0x0000000000002c30                do_bad_fiq
 .text.do_bad_error
                0x0000000000002c60       0x30 arch/arm/lib/built-in.o
                0x0000000000002c60                do_bad_error
 .text.do_sync  0x0000000000002c90       0x30 arch/arm/lib/built-in.o
                0x0000000000002c90                do_sync
 .text.do_irq   0x0000000000002cc0       0x30 arch/arm/lib/built-in.o
                0x0000000000002cc0                do_irq
 .text.do_fiq   0x0000000000002cf0       0x30 arch/arm/lib/built-in.o
                0x0000000000002cf0                do_fiq
 .text.do_error
                0x0000000000002d20       0x30 arch/arm/lib/built-in.o
                0x0000000000002d20                do_error
 .text.dump_core_stack
                0x0000000000002d50       0xe0 arch/arm/lib/built-in.o
                0x0000000000002d50                dump_core_stack
 .text.flush_cache
                0x0000000000002e30        0x8 arch/arm/lib/built-in.o
                0x0000000000002e30                flush_cache
 .text.show_boot_progress
                0x0000000000002e38        0x4 common/spl/built-in.o
                0x0000000000002e38                show_boot_progress
 .text.spl_common_init.constprop.4
                0x0000000000002e3c       0x7c common/spl/built-in.o
 .text.spl_next_stage
                0x0000000000002eb8        0xc common/spl/built-in.o
                0x0000000000002eb8                spl_next_stage
 .text.spl_board_prepare_for_boot
                0x0000000000002ec4        0x4 common/spl/built-in.o
                0x0000000000002ec4                spl_board_prepare_for_boot
 .text.jump_to_image_no_args
                0x0000000000002ec8       0x10 common/spl/built-in.o
                0x0000000000002ec8                jump_to_image_no_args
 .text.spl_set_bd
                0x0000000000002ed8       0x18 common/spl/built-in.o
                0x0000000000002ed8                spl_set_bd
 .text.spl_early_init
                0x0000000000002ef0       0x24 common/spl/built-in.o
                0x0000000000002ef0                spl_early_init
 .text.spl_init
                0x0000000000002f14       0x44 common/spl/built-in.o
                0x0000000000002f14                spl_init
 .text.preloader_console_init
                0x0000000000002f58       0x30 common/spl/built-in.o
                0x0000000000002f58                preloader_console_init
 .text.spl_relocate_stack_gd
                0x0000000000002f88        0x8 common/spl/built-in.o
                0x0000000000002f88                spl_relocate_stack_gd
 .text.spl_cleanup_before_jump
                0x0000000000002f90       0x64 common/spl/built-in.o
                0x0000000000002f90                spl_cleanup_before_jump
 .text.board_init_r
                0x0000000000002ff4      0x20c common/spl/built-in.o
                0x0000000000002ff4                board_init_r
 .text.spl_fit_get_image_name.isra.0
                0x0000000000003200      0x118 common/spl/built-in.o
 .text.spl_fit_get_image_node
                0x0000000000003318       0x50 common/spl/built-in.o
 .text.spl_load_fit_image
                0x0000000000003368      0x2e8 common/spl/built-in.o
 .text.spl_fit_append_fdt
                0x0000000000003650      0x104 common/spl/built-in.o
 .text.spl_load_simple_fit
                0x0000000000003754      0x4cc common/spl/built-in.o
                0x0000000000003754                spl_load_simple_fit
 .text.h_spl_load_read
                0x0000000000003c20        0x8 common/spl/built-in.o
 .text.mmc_load_image_raw_sector
                0x0000000000003c28       0x90 common/spl/built-in.o
 .text.spl_mmc_find_device
                0x0000000000003cb8       0xa0 common/spl/built-in.o
                0x0000000000003cb8                spl_mmc_find_device
 .text.spl_mmc_load_image
                0x0000000000003d58      0x170 common/spl/built-in.o
                0x0000000000003d58                spl_mmc_load_image
 .text.mtd_spl_load_read
                0x0000000000003ec8        0x8 common/spl/built-in.o
 .text.find_mtd_device
                0x0000000000003ed0       0x5c common/spl/built-in.o
                0x0000000000003ed0                find_mtd_device
 .text.spl_mtd_load_image
                0x0000000000003f2c       0xf0 common/spl/built-in.o
                0x0000000000003f2c                spl_mtd_load_image
 .text.spl_fit_images_find
                0x000000000000401c       0xa4 common/spl/built-in.o
 .text.bl31_entry
                0x00000000000040c0      0x160 common/spl/built-in.o
                0x00000000000040c0                bl31_entry
 .text.spl_fit_images_get_entry
                0x0000000000004220       0x50 common/spl/built-in.o
                0x0000000000004220                spl_fit_images_get_entry
 .text.spl_invoke_atf
                0x0000000000004270       0x94 common/spl/built-in.o
                0x0000000000004270                spl_invoke_atf
 .text.board_init_f_alloc_reserve
                0x0000000000004304       0x10 common/init/built-in.o
                0x0000000000004304                board_init_f_alloc_reserve
 .text.board_init_f_init_reserve
                0x0000000000004314       0x30 common/init/built-in.o
                0x0000000000004314                board_init_f_init_reserve
 .text.fdt_getprop_u32
                0x0000000000004344       0x38 common/built-in.o
                0x0000000000004344                fdt_getprop_u32
 .text.fit_find_config_node
                0x000000000000437c      0x108 common/built-in.o
                0x000000000000437c                fit_find_config_node
 .text.of_bus_default_map
                0x0000000000004484       0xa4 common/built-in.o
 .text.fdt_support_default_count_cells
                0x0000000000004528       0x70 common/built-in.o
                0x0000000000004528                fdt_support_default_count_cells
 .text.of_bus_default_translate
                0x0000000000004598       0xb8 common/built-in.o
 .text.fdt_find_or_add_subnode
                0x0000000000004650       0x74 common/built-in.o
                0x0000000000004650                fdt_find_or_add_subnode
 .text.fdt_record_loadable
                0x00000000000046c4      0x178 common/built-in.o
                0x00000000000046c4                fdt_record_loadable
 .text.fdt_shrink_to_minimum
                0x000000000000483c       0xc8 common/built-in.o
                0x000000000000483c                fdt_shrink_to_minimum
 .text.fdt_translate_address
                0x0000000000004904      0x28c common/built-in.o
                0x0000000000004904                fdt_translate_address
 .text.fdt_get_base_address
                0x0000000000004b90       0x4c common/built-in.o
                0x0000000000004b90                fdt_get_base_address
 .text.bounce_buffer_start
                0x0000000000004bdc       0x8c common/built-in.o
                0x0000000000004bdc                bounce_buffer_start
 .text.bounce_buffer_stop
                0x0000000000004c68       0x54 common/built-in.o
                0x0000000000004c68                bounce_buffer_stop
 .text.putc     0x0000000000004cbc       0x8c common/built-in.o
                0x0000000000004cbc                putc
 .text.puts     0x0000000000004d48       0x30 common/built-in.o
                0x0000000000004d48                puts
 .text.flushc   0x0000000000004d78       0x14 common/built-in.o
                0x0000000000004d78                flushc
 .text.malloc_simple
                0x0000000000004d8c       0x38 common/built-in.o
                0x0000000000004d8c                malloc_simple
 .text.memalign_simple
                0x0000000000004dc4       0x64 common/built-in.o
                0x0000000000004dc4                memalign_simple
 .text.calloc   0x0000000000004e28       0x34 common/built-in.o
                0x0000000000004e28                calloc
 .text.get_table_entry_id
                0x0000000000004e5c       0x50 common/built-in.o
                0x0000000000004e5c                get_table_entry_id
 .text.genimg_get_os_id
                0x0000000000004eac       0x18 common/built-in.o
                0x0000000000004eac                genimg_get_os_id
 .text.genimg_get_comp_id
                0x0000000000004ec4       0x18 common/built-in.o
                0x0000000000004ec4                genimg_get_comp_id
 .text.fit_image_get_address
                0x0000000000004edc       0x84 common/built-in.o
 .text.hw_fit_calculate_hash
                0x0000000000004f60       0xc4 common/built-in.o
 .text.fit_get_desc
                0x0000000000005024       0x38 common/built-in.o
                0x0000000000005024                fit_get_desc
 .text.fit_get_totalsize
                0x000000000000505c       0x4c common/built-in.o
                0x000000000000505c                fit_get_totalsize
 .text.fit_image_get_os
                0x00000000000050a8       0x4c common/built-in.o
                0x00000000000050a8                fit_image_get_os
 .text.fit_image_get_comp
                0x00000000000050f4       0x4c common/built-in.o
                0x00000000000050f4                fit_image_get_comp
 .text.fit_image_get_load
                0x0000000000005140       0x10 common/built-in.o
                0x0000000000005140                fit_image_get_load
 .text.fit_image_get_comp_addr
                0x0000000000005150       0x10 common/built-in.o
                0x0000000000005150                fit_image_get_comp_addr
 .text.fit_image_get_data_offset
                0x0000000000005160       0x48 common/built-in.o
                0x0000000000005160                fit_image_get_data_offset
 .text.fit_image_get_data_position
                0x00000000000051a8       0x48 common/built-in.o
                0x00000000000051a8                fit_image_get_data_position
 .text.fit_image_get_data_size
                0x00000000000051f0       0x48 common/built-in.o
                0x00000000000051f0                fit_image_get_data_size
 .text.fit_image_get_data
                0x0000000000005238       0xdc common/built-in.o
                0x0000000000005238                fit_image_get_data
 .text.fit_image_hash_get_algo
                0x0000000000005314       0x38 common/built-in.o
                0x0000000000005314                fit_image_hash_get_algo
 .text.fit_image_hash_get_value
                0x000000000000534c       0x50 common/built-in.o
                0x000000000000534c                fit_image_hash_get_value
 .text.fit_image_check_hash
                0x000000000000539c      0x1c8 common/built-in.o
                0x000000000000539c                fit_image_check_hash
 .text.fit_image_verify_with_data
                0x0000000000005564      0x140 common/built-in.o
                0x0000000000005564                fit_image_verify_with_data
 .text.subtract_modulus
                0x00000000000056a4       0x40 lib/built-in.o
 .text.montgomery_mul
                0x00000000000056e4       0xf4 lib/built-in.o
 .text.rsa_convert_big_endian
                0x00000000000057d8       0x2c lib/built-in.o
 .text.rsa_mod_exp_sw
                0x0000000000005804      0x318 lib/built-in.o
                0x0000000000005804                rsa_mod_exp_sw
 .text.fdt_check_header
                0x0000000000005b1c       0x74 lib/built-in.o
                0x0000000000005b1c                fdt_check_header
 .text.fdt_offset_ptr
                0x0000000000005b90       0x74 lib/built-in.o
                0x0000000000005b90                fdt_offset_ptr
 .text.fdt_next_tag
                0x0000000000005c04       0xe0 lib/built-in.o
                0x0000000000005c04                fdt_next_tag
 .text._fdt_check_node_offset
                0x0000000000005ce4       0x40 lib/built-in.o
                0x0000000000005ce4                _fdt_check_node_offset
 .text._fdt_check_prop_offset
                0x0000000000005d24       0x40 lib/built-in.o
                0x0000000000005d24                _fdt_check_prop_offset
 .text.fdt_next_node
                0x0000000000005d64       0xb0 lib/built-in.o
                0x0000000000005d64                fdt_next_node
 .text.fdt_first_subnode
                0x0000000000005e14       0x34 lib/built-in.o
                0x0000000000005e14                fdt_first_subnode
 .text.fdt_next_subnode
                0x0000000000005e48       0x5c lib/built-in.o
                0x0000000000005e48                fdt_next_subnode
 .text._fdt_find_string
                0x0000000000005ea4       0x70 lib/built-in.o
                0x0000000000005ea4                _fdt_find_string
 .text.fdt_strerror
                0x0000000000005f14       0x4c lib/built-in.o
                0x0000000000005f14                fdt_strerror
 .text._fdt_blocks_misordered
                0x0000000000005f60       0x60 lib/built-in.o
 .text._fdt_splice
                0x0000000000005fc0       0x98 lib/built-in.o
 .text._fdt_splice_mem_rsv
                0x0000000000006058       0x6c lib/built-in.o
 .text._fdt_splice_struct
                0x00000000000060c4       0x60 lib/built-in.o
 .text._fdt_add_property
                0x0000000000006124      0x144 lib/built-in.o
 .text._fdt_rw_check_header
                0x0000000000006268       0x6c lib/built-in.o
 .text.fdt_add_mem_rsv
                0x00000000000062d4       0x7c lib/built-in.o
                0x00000000000062d4                fdt_add_mem_rsv
 .text.fdt_del_mem_rsv
                0x0000000000006350       0x70 lib/built-in.o
                0x0000000000006350                fdt_del_mem_rsv
 .text.fdt_setprop_placeholder
                0x00000000000063c0       0xd8 lib/built-in.o
                0x00000000000063c0                fdt_setprop_placeholder
 .text.fdt_setprop
                0x0000000000006498       0x54 lib/built-in.o
                0x0000000000006498                fdt_setprop
 .text.fdt_add_subnode_namelen
                0x00000000000064ec      0x11c lib/built-in.o
                0x00000000000064ec                fdt_add_subnode_namelen
 .text.fdt_add_subnode
                0x0000000000006608       0x44 lib/built-in.o
                0x0000000000006608                fdt_add_subnode
 .text.fdt_address_cells
                0x000000000000664c       0x58 lib/built-in.o
                0x000000000000664c                fdt_address_cells
 .text.fdt_size_cells
                0x00000000000066a4       0x54 lib/built-in.o
                0x00000000000066a4                fdt_size_cells
 .text.fdt_path_next_separator
                0x00000000000066f8       0x68 lib/built-in.o
 .text._nextprop
                0x0000000000006760       0x64 lib/built-in.o
 .text.fdt_string
                0x00000000000067c4       0x14 lib/built-in.o
                0x00000000000067c4                fdt_string
 .text.fdt_get_mem_rsv
                0x00000000000067d8       0x60 lib/built-in.o
                0x00000000000067d8                fdt_get_mem_rsv
 .text.fdt_num_mem_rsv
                0x0000000000006838       0x28 lib/built-in.o
                0x0000000000006838                fdt_num_mem_rsv
 .text.fdt_subnode_offset_namelen
                0x0000000000006860       0xec lib/built-in.o
                0x0000000000006860                fdt_subnode_offset_namelen
 .text.fdt_subnode_offset
                0x000000000000694c       0x44 lib/built-in.o
                0x000000000000694c                fdt_subnode_offset
 .text.fdt_get_name
                0x0000000000006990       0x7c lib/built-in.o
                0x0000000000006990                fdt_get_name
 .text.fdt_first_property_offset
                0x0000000000006a0c       0x38 lib/built-in.o
                0x0000000000006a0c                fdt_first_property_offset
 .text.fdt_next_property_offset
                0x0000000000006a44       0x38 lib/built-in.o
                0x0000000000006a44                fdt_next_property_offset
 .text.fdt_get_property_by_offset
                0x0000000000006a7c       0x64 lib/built-in.o
                0x0000000000006a7c                fdt_get_property_by_offset
 .text.fdt_get_property_namelen
                0x0000000000006ae0       0xd4 lib/built-in.o
                0x0000000000006ae0                fdt_get_property_namelen
 .text.fdt_get_property
                0x0000000000006bb4       0x4c lib/built-in.o
                0x0000000000006bb4                fdt_get_property
 .text.fdt_getprop_namelen
                0x0000000000006c00       0x20 lib/built-in.o
                0x0000000000006c00                fdt_getprop_namelen
 .text.fdt_getprop_by_offset
                0x0000000000006c20       0x54 lib/built-in.o
                0x0000000000006c20                fdt_getprop_by_offset
 .text.fdt_getprop
                0x0000000000006c74       0x4c lib/built-in.o
                0x0000000000006c74                fdt_getprop
 .text.fdt_get_phandle
                0x0000000000006cc0       0x78 lib/built-in.o
                0x0000000000006cc0                fdt_get_phandle
 .text.fdt_get_alias_namelen
                0x0000000000006d38       0x64 lib/built-in.o
                0x0000000000006d38                fdt_get_alias_namelen
 .text.fdt_path_offset_namelen
                0x0000000000006d9c       0xfc lib/built-in.o
                0x0000000000006d9c                fdt_path_offset_namelen
 .text.fdt_path_offset
                0x0000000000006e98       0x34 lib/built-in.o
                0x0000000000006e98                fdt_path_offset
 .text.fdt_get_alias
                0x0000000000006ecc       0x34 lib/built-in.o
                0x0000000000006ecc                fdt_get_alias
 .text.fdt_supernode_atdepth_offset
                0x0000000000006f00       0xc0 lib/built-in.o
                0x0000000000006f00                fdt_supernode_atdepth_offset
 .text.fdt_node_depth
                0x0000000000006fc0       0x34 lib/built-in.o
                0x0000000000006fc0                fdt_node_depth
 .text.fdt_parent_offset
                0x0000000000006ff4       0x44 lib/built-in.o
                0x0000000000006ff4                fdt_parent_offset
 .text.fdt_node_offset_by_phandle
                0x0000000000007038       0x84 lib/built-in.o
                0x0000000000007038                fdt_node_offset_by_phandle
 .text.fdt_stringlist_contains
                0x00000000000070bc       0x98 lib/built-in.o
                0x00000000000070bc                fdt_stringlist_contains
 .text.fdt_stringlist_search
                0x0000000000007154       0xc4 lib/built-in.o
                0x0000000000007154                fdt_stringlist_search
 .text.fdt_stringlist_get
                0x0000000000007218       0xb4 lib/built-in.o
                0x0000000000007218                fdt_stringlist_get
 .text.fdt_node_check_compatible
                0x00000000000072cc       0x4c lib/built-in.o
                0x00000000000072cc                fdt_node_check_compatible
 .text.fdtdec_get_int
                0x0000000000007318       0x40 lib/built-in.o
                0x0000000000007318                fdtdec_get_int
 .text.get_prop_check_min_len
                0x0000000000007358       0x50 lib/built-in.o
 .text.fdtdec_get_is_enabled
                0x00000000000073a8       0x40 lib/built-in.o
                0x00000000000073a8                fdtdec_get_is_enabled
 .text.fdtdec_get_alias_seq
                0x00000000000073e8      0x128 lib/built-in.o
                0x00000000000073e8                fdtdec_get_alias_seq
 .text.fdtdec_prepare_fdt
                0x0000000000007510       0x44 lib/built-in.o
                0x0000000000007510                fdtdec_prepare_fdt
 .text.fdtdec_get_int_array
                0x0000000000007554       0x5c lib/built-in.o
                0x0000000000007554                fdtdec_get_int_array
 .text.fdtdec_parse_phandle_with_args
                0x00000000000075b0      0x150 lib/built-in.o
                0x00000000000075b0                fdtdec_parse_phandle_with_args
 .text.fdtdec_get_number
                0x0000000000007700       0x30 lib/built-in.o
                0x0000000000007700                fdtdec_get_number
 .text.fdtdec_get_addr_size_fixed
                0x0000000000007730       0x94 lib/built-in.o
                0x0000000000007730                fdtdec_get_addr_size_fixed
 .text.fdtdec_get_addr_size_auto_parent
                0x00000000000077c4       0xa8 lib/built-in.o
                0x00000000000077c4                fdtdec_get_addr_size_auto_parent
 .text.fdtdec_get_addr_size_auto_noparent
                0x000000000000786c       0x7c lib/built-in.o
                0x000000000000786c                fdtdec_get_addr_size_auto_noparent
 .text.fdtdec_get_addr_size
                0x00000000000078e8       0x20 lib/built-in.o
                0x00000000000078e8                fdtdec_get_addr_size
 .text.fdtdec_setup
                0x0000000000007908       0x10 lib/built-in.o
                0x0000000000007908                fdtdec_setup
 .text.crc32_no_comp
                0x0000000000007918       0xdc lib/built-in.o
                0x0000000000007918                crc32_no_comp
 .text.crc32    0x00000000000079f4       0x1c lib/built-in.o
                0x00000000000079f4                crc32
 .text.hang     0x0000000000007a10       0x24 lib/built-in.o
                0x0000000000007a10                hang
 .text.kmalloc  0x0000000000007a34       0x4c lib/built-in.o
                0x0000000000007a34                kmalloc
 .text.strncasecmp
                0x0000000000007a80       0x78 lib/built-in.o
                0x0000000000007a80                strncasecmp
 .text.strcasecmp
                0x0000000000007af8        0x8 lib/built-in.o
                0x0000000000007af8                strcasecmp
 .text.strcpy   0x0000000000007b00       0x18 lib/built-in.o
                0x0000000000007b00                strcpy
 .text.strcmp   0x0000000000007b18       0x28 lib/built-in.o
                0x0000000000007b18                strcmp
 .text.strncmp  0x0000000000007b40       0x38 lib/built-in.o
                0x0000000000007b40                strncmp
 .text.strchr   0x0000000000007b78       0x28 lib/built-in.o
                0x0000000000007b78                strchr
 .text.strchrnul
                0x0000000000007ba0       0x20 lib/built-in.o
                0x0000000000007ba0                strchrnul
 .text.strlen   0x0000000000007bc0       0x1c lib/built-in.o
                0x0000000000007bc0                strlen
 .text.strrchr  0x0000000000007bdc       0x40 lib/built-in.o
                0x0000000000007bdc                strrchr
 .text.strnlen  0x0000000000007c1c       0x28 lib/built-in.o
                0x0000000000007c1c                strnlen
 .text.strcspn  0x0000000000007c44       0x38 lib/built-in.o
                0x0000000000007c44                strcspn
 .text.strdup   0x0000000000007c7c       0x4c lib/built-in.o
                0x0000000000007c7c                strdup
 .text.memset   0x0000000000007cc8       0x1c lib/built-in.o
                0x0000000000007cc8                memset
 .text.memcpy   0x0000000000007ce4       0x70 lib/built-in.o
                0x0000000000007ce4                memcpy
 .text.memmove  0x0000000000007d54       0x4c lib/built-in.o
                0x0000000000007d54                memmove
 .text.memcmp   0x0000000000007da0       0x30 lib/built-in.o
                0x0000000000007da0                memcmp
 .text.memchr   0x0000000000007dd0       0x30 lib/built-in.o
                0x0000000000007dd0                memchr
 .text.timer_init
                0x0000000000007e00        0x8 lib/built-in.o
                0x0000000000007e00                timer_init
 .text.get_timer
                0x0000000000007e08       0x3c lib/built-in.o
                0x0000000000007e08                get_timer
 .text.timer_get_us
                0x0000000000007e44       0x38 lib/built-in.o
                0x0000000000007e44                timer_get_us
 .text.__udelay
                0x0000000000007e7c       0x4c lib/built-in.o
                0x0000000000007e7c                __udelay
 .text.udelay   0x0000000000007ec8       0x44 lib/built-in.o
                0x0000000000007ec8                udelay
 .text.uuid_bin_to_str
                0x0000000000007f0c       0xc8 lib/built-in.o
                0x0000000000007f0c                uuid_bin_to_str
 .text.putc_outstr
                0x0000000000007fd4       0x14 lib/built-in.o
 .text.putc_normal
                0x0000000000007fe8        0x8 lib/built-in.o
 .text.div_out  0x0000000000007ff0       0x60 lib/built-in.o
 .text._vprintf
                0x0000000000008050      0x490 lib/built-in.o
 .text.vprintf  0x00000000000084e0       0x44 lib/built-in.o
                0x00000000000084e0                vprintf
 .text.printf   0x0000000000008524       0x8c lib/built-in.o
                0x0000000000008524                printf
 .text.sprintf  0x00000000000085b0       0x90 lib/built-in.o
                0x00000000000085b0                sprintf
 .text.snprintf
                0x0000000000008640       0x94 lib/built-in.o
                0x0000000000008640                snprintf
 .text.panic    0x00000000000086d4       0x7c lib/built-in.o
                0x00000000000086d4                panic
 .text._parse_integer_fixup_radix
                0x0000000000008750       0xac lib/built-in.o
 .text.simple_strtoul
                0x00000000000087fc       0x88 lib/built-in.o
                0x00000000000087fc                simple_strtoul
 .text.trailing_strtoln
                0x0000000000008884       0x78 lib/built-in.o
                0x0000000000008884                trailing_strtoln
 .text.trailing_strtol
                0x00000000000088fc        0x8 lib/built-in.o
                0x00000000000088fc                trailing_strtol
 .text.part_driver_lookup_type
                0x0000000000008904       0xac disk/built-in.o
 .text.part_get_info_by_name_option
                0x00000000000089b0       0xd8 disk/built-in.o
 .text.part_init
                0x0000000000008a88       0x7c disk/built-in.o
                0x0000000000008a88                part_init
 .text.part_get_info
                0x0000000000008b04       0x68 disk/built-in.o
                0x0000000000008b04                part_get_info
 .text.part_get_info_by_name
                0x0000000000008b6c        0x8 disk/built-in.o
                0x0000000000008b6c                part_get_info_by_name
 .text.print_efiname
                0x0000000000008b74       0x5c disk/built-in.o
 .text.part_test_efi
                0x0000000000008bd0       0x50 disk/built-in.o
 .text.validate_gpt_entries
                0x0000000000008c20       0xa8 disk/built-in.o
 .text.validate_gpt_header
                0x0000000000008cc8      0x294 disk/built-in.o
 .text.is_gpt_valid
                0x0000000000008f5c      0x27c disk/built-in.o
 .text.is_pte_valid
                0x00000000000091d8       0x64 disk/built-in.o
 .text.part_get_info_efi
                0x000000000000923c      0x29c disk/built-in.o
                0x000000000000923c                part_get_info_efi
 .text.clk_request
                0x00000000000094d8       0x24 drivers/built-in.o
                0x00000000000094d8                clk_request
 .text.clk_get_by_indexed_prop
                0x00000000000094fc       0xb0 drivers/built-in.o
 .text.clk_get_by_index
                0x00000000000095ac       0x14 drivers/built-in.o
                0x00000000000095ac                clk_get_by_index
 .text.clk_get_by_name
                0x00000000000095c0       0x50 drivers/built-in.o
                0x00000000000095c0                clk_get_by_name
 .text.clk_get_rate
                0x0000000000009610       0x20 drivers/built-in.o
                0x0000000000009610                clk_get_rate
 .text.clk_set_rate
                0x0000000000009630       0x20 drivers/built-in.o
                0x0000000000009630                clk_set_rate
 .text.clk_set_phase
                0x0000000000009650       0x20 drivers/built-in.o
                0x0000000000009650                clk_set_phase
 .text.clk_set_parent
                0x0000000000009670       0x20 drivers/built-in.o
                0x0000000000009670                clk_set_parent
 .text.clk_set_defaults
                0x0000000000009690      0x164 drivers/built-in.o
                0x0000000000009690                clk_set_defaults
 .text.clk_enable
                0x00000000000097f4       0x20 drivers/built-in.o
                0x00000000000097f4                clk_enable
 .text.clk_fixed_rate_ofdata_to_platdata
                0x0000000000009814       0x44 drivers/built-in.o
 .text.clk_fixed_rate_get_rate
                0x0000000000009858       0x2c drivers/built-in.o
 .text.rk3036_pll_get_rate.isra.0
                0x0000000000009884       0xcc drivers/built-in.o
 .text.gcd      0x0000000000009950       0x2c drivers/built-in.o
                0x0000000000009950                gcd
 .text.rockchip_get_pll_settings
                0x000000000000997c      0x318 drivers/built-in.o
 .text.rk3036_pll_set_rate
                0x0000000000009c94      0x1c4 drivers/built-in.o
 .text.rockchip_pll_get_rate
                0x0000000000009e58      0x118 drivers/built-in.o
                0x0000000000009e58                rockchip_pll_get_rate
 .text.rockchip_pll_set_rate
                0x0000000000009f70      0x2d8 drivers/built-in.o
                0x0000000000009f70                rockchip_pll_set_rate
 .text.rk3588_top_get_clk
                0x000000000000a248       0xb4 drivers/built-in.o
 .text.rk3588_adc_get_clk
                0x000000000000a2fc       0x70 drivers/built-in.o
 .text.rk3588_mmc_get_clk
                0x000000000000a36c       0xe8 drivers/built-in.o
 .text.rk3588_clk_scmi_get_rate
                0x000000000000a454      0x214 drivers/built-in.o
 .text.rk3588_clk_scmi_set_rate
                0x000000000000a668      0x3e4 drivers/built-in.o
 .text.rk3588_clk_set_parent
                0x000000000000aa4c      0x1d8 drivers/built-in.o
 .text.rk3588_clk_ofdata_to_platdata
                0x000000000000ac24       0x34 drivers/built-in.o
 .text.rk3588_clk_probe
                0x000000000000ac58      0x1b0 drivers/built-in.o
 .text.rk3588_clk_bind
                0x000000000000ae08       0xa0 drivers/built-in.o
 .text.rk3588_center_get_clk.isra.0
                0x000000000000aea8      0x114 drivers/built-in.o
 .text.rk3588_i2c_get_clk.isra.1
                0x000000000000afbc       0xf8 drivers/built-in.o
 .text.rk3588_spi_get_clk.isra.2
                0x000000000000b0b4       0x7c drivers/built-in.o
 .text.rk3588_pwm_get_clk.isra.3
                0x000000000000b130       0xa8 drivers/built-in.o
 .text.rk3588_clk_set_rate
                0x000000000000b1d8      0x9cc drivers/built-in.o
 .text.rk3588_clk_get_rate
                0x000000000000bba4      0x2b4 drivers/built-in.o
 .text.rk3588_mmc_get_phase
                0x000000000000be58       0xa4 drivers/built-in.o
                0x000000000000be58                rk3588_mmc_get_phase
 .text.rk3588_clk_get_phase
                0x000000000000befc       0x18 drivers/built-in.o
 .text.rk3588_mmc_set_phase
                0x000000000000bf14       0xb8 drivers/built-in.o
                0x000000000000bf14                rk3588_mmc_set_phase
 .text.rk3588_clk_set_phase
                0x000000000000bfcc       0x18 drivers/built-in.o
 .text.device_bind_common.isra.0
                0x000000000000bfe4      0x2c8 drivers/built-in.o
 .text.alloc_priv
                0x000000000000c2ac       0x64 drivers/built-in.o
 .text.device_bind_with_driver_data
                0x000000000000c310       0x14 drivers/built-in.o
                0x000000000000c310                device_bind_with_driver_data
 .text.device_bind_by_name
                0x000000000000c324       0x7c drivers/built-in.o
                0x000000000000c324                device_bind_by_name
 .text.device_probe
                0x000000000000c3a0      0x238 drivers/built-in.o
                0x000000000000c3a0                device_probe
 .text.dev_get_platdata
                0x000000000000c5d8       0x14 drivers/built-in.o
                0x000000000000c5d8                dev_get_platdata
 .text.dev_get_parent_platdata
                0x000000000000c5ec       0x14 drivers/built-in.o
                0x000000000000c5ec                dev_get_parent_platdata
 .text.dev_get_uclass_platdata
                0x000000000000c600       0x14 drivers/built-in.o
                0x000000000000c600                dev_get_uclass_platdata
 .text.dev_get_priv
                0x000000000000c614       0x14 drivers/built-in.o
                0x000000000000c614                dev_get_priv
 .text.dev_get_uclass_priv
                0x000000000000c628       0x14 drivers/built-in.o
                0x000000000000c628                dev_get_uclass_priv
 .text.dev_get_parent_priv
                0x000000000000c63c       0x14 drivers/built-in.o
                0x000000000000c63c                dev_get_parent_priv
 .text.device_find_first_child
                0x000000000000c650       0x28 drivers/built-in.o
                0x000000000000c650                device_find_first_child
 .text.device_find_next_child
                0x000000000000c678       0x30 drivers/built-in.o
                0x000000000000c678                device_find_next_child
 .text.dev_get_parent
                0x000000000000c6a8        0x8 drivers/built-in.o
                0x000000000000c6a8                dev_get_parent
 .text.dev_get_driver_data
                0x000000000000c6b0        0x8 drivers/built-in.o
                0x000000000000c6b0                dev_get_driver_data
 .text.device_get_uclass_id
                0x000000000000c6b8       0x10 drivers/built-in.o
                0x000000000000c6b8                device_get_uclass_id
 .text.device_set_name_alloced
                0x000000000000c6c8       0x10 drivers/built-in.o
                0x000000000000c6c8                device_set_name_alloced
 .text.device_set_name
                0x000000000000c6d8       0x44 drivers/built-in.o
                0x000000000000c6d8                device_set_name
 .text.device_is_compatible
                0x000000000000c71c       0x6c drivers/built-in.o
                0x000000000000c71c                device_is_compatible
 .text.devfdt_get_addr_index
                0x000000000000c788       0x78 drivers/built-in.o
                0x000000000000c788                devfdt_get_addr_index
 .text.devfdt_get_addr_size_index
                0x000000000000c800       0x48 drivers/built-in.o
                0x000000000000c800                devfdt_get_addr_size_index
 .text.lists_driver_lookup_name
                0x000000000000c848       0x78 drivers/built-in.o
                0x000000000000c848                lists_driver_lookup_name
 .text.lists_uclass_lookup
                0x000000000000c8c0       0x48 drivers/built-in.o
                0x000000000000c8c0                lists_uclass_lookup
 .text.lists_bind_drivers
                0x000000000000c908       0x90 drivers/built-in.o
                0x000000000000c908                lists_bind_drivers
 .text.device_bind_driver_to_node
                0x000000000000c998       0x68 drivers/built-in.o
                0x000000000000c998                device_bind_driver_to_node
 .text.device_bind_driver
                0x000000000000ca00       0x24 drivers/built-in.o
                0x000000000000ca00                device_bind_driver
 .text.lists_bind_fdt
                0x000000000000ca24      0x154 drivers/built-in.o
                0x000000000000ca24                lists_bind_fdt
 .text.dm_scan_fdt_node
                0x000000000000cb78      0x11c drivers/built-in.o
 .text.dm_root  0x000000000000cc94       0x18 drivers/built-in.o
                0x000000000000cc94                dm_root
 .text.dm_get_translation_offset
                0x000000000000ccac       0x1c drivers/built-in.o
                0x000000000000ccac                dm_get_translation_offset
 .text.dm_init  0x000000000000ccc8       0x60 drivers/built-in.o
                0x000000000000ccc8                dm_init
 .text.dm_scan_platdata
                0x000000000000cd28       0x24 drivers/built-in.o
                0x000000000000cd28                dm_scan_platdata
 .text.dm_scan_fdt_dev
                0x000000000000cd4c       0x40 drivers/built-in.o
                0x000000000000cd4c                dm_scan_fdt_dev
 .text.dm_scan_fdt
                0x000000000000cd8c       0x18 drivers/built-in.o
                0x000000000000cd8c                dm_scan_fdt
 .text.dm_extended_scan_fdt
                0x000000000000cda4       0x60 drivers/built-in.o
                0x000000000000cda4                dm_extended_scan_fdt
 .text.dm_scan_other
                0x000000000000ce04        0x8 drivers/built-in.o
                0x000000000000ce04                dm_scan_other
 .text.dm_init_and_scan
                0x000000000000ce0c       0x54 drivers/built-in.o
                0x000000000000ce0c                dm_init_and_scan
 .text.uclass_find
                0x000000000000ce60       0x4c drivers/built-in.o
                0x000000000000ce60                uclass_find
 .text.uclass_get
                0x000000000000ceac      0x108 drivers/built-in.o
                0x000000000000ceac                uclass_get
 .text.uclass_find_device
                0x000000000000cfb4       0x78 drivers/built-in.o
                0x000000000000cfb4                uclass_find_device
 .text.uclass_find_first_device
                0x000000000000d02c       0x48 drivers/built-in.o
                0x000000000000d02c                uclass_find_first_device
 .text.uclass_find_next_device
                0x000000000000d074       0x2c drivers/built-in.o
                0x000000000000d074                uclass_find_next_device
 .text.uclass_find_device_by_seq
                0x000000000000d0a0       0x90 drivers/built-in.o
                0x000000000000d0a0                uclass_find_device_by_seq
 .text.uclass_find_device_by_of_offset
                0x000000000000d130       0x78 drivers/built-in.o
                0x000000000000d130                uclass_find_device_by_of_offset
 .text.uclass_find_device_by_ofnode
                0x000000000000d1a8       0x90 drivers/built-in.o
                0x000000000000d1a8                uclass_find_device_by_ofnode
 .text.uclass_get_device_by_driver
                0x000000000000d238       0x7c drivers/built-in.o
                0x000000000000d238                uclass_get_device_by_driver
 .text.uclass_get_device_tail
                0x000000000000d2b4       0x40 drivers/built-in.o
                0x000000000000d2b4                uclass_get_device_tail
 .text.uclass_get_device
                0x000000000000d2f4       0x38 drivers/built-in.o
                0x000000000000d2f4                uclass_get_device
 .text.uclass_get_device_by_seq
                0x000000000000d32c       0x68 drivers/built-in.o
                0x000000000000d32c                uclass_get_device_by_seq
 .text.uclass_get_device_by_of_offset
                0x000000000000d394       0x38 drivers/built-in.o
                0x000000000000d394                uclass_get_device_by_of_offset
 .text.uclass_get_device_by_ofnode
                0x000000000000d3cc       0x38 drivers/built-in.o
                0x000000000000d3cc                uclass_get_device_by_ofnode
 .text.uclass_get_device_by_phandle_id
                0x000000000000d404       0x98 drivers/built-in.o
                0x000000000000d404                uclass_get_device_by_phandle_id
 .text.uclass_get_device_by_phandle
                0x000000000000d49c       0xc0 drivers/built-in.o
                0x000000000000d49c                uclass_get_device_by_phandle
 .text.uclass_first_device
                0x000000000000d55c       0x44 drivers/built-in.o
                0x000000000000d55c                uclass_first_device
 .text.uclass_first_device_err
                0x000000000000d5a0       0x34 drivers/built-in.o
                0x000000000000d5a0                uclass_first_device_err
 .text.uclass_next_device
                0x000000000000d5d4       0x44 drivers/built-in.o
                0x000000000000d5d4                uclass_next_device
 .text.uclass_bind_device
                0x000000000000d618       0x90 drivers/built-in.o
                0x000000000000d618                uclass_bind_device
 .text.uclass_resolve_seq
                0x000000000000d6a8       0x98 drivers/built-in.o
                0x000000000000d6a8                uclass_resolve_seq
 .text.uclass_pre_probe_device
                0x000000000000d740       0x64 drivers/built-in.o
                0x000000000000d740                uclass_pre_probe_device
 .text.uclass_post_probe_device
                0x000000000000d7a4       0x1c drivers/built-in.o
                0x000000000000d7a4                uclass_post_probe_device
 .text.dm_fdt_pre_reloc
                0x000000000000d7c0       0x5c drivers/built-in.o
                0x000000000000d7c0                dm_fdt_pre_reloc
 .text.simple_bus_post_bind
                0x000000000000d81c       0x5c drivers/built-in.o
 .text.simple_bus_translate
                0x000000000000d878       0x50 drivers/built-in.o
                0x000000000000d878                simple_bus_translate
 .text.regmap_init_mem
                0x000000000000d8c8      0x13c drivers/built-in.o
                0x000000000000d8c8                regmap_init_mem
 .text.regmap_get_range
                0x000000000000da04       0x24 drivers/built-in.o
                0x000000000000da04                regmap_get_range
 .text.regmap_read
                0x000000000000da28       0x1c drivers/built-in.o
                0x000000000000da28                regmap_read
 .text.regmap_write
                0x000000000000da44       0x18 drivers/built-in.o
                0x000000000000da44                regmap_write
 .text.syscon_pre_probe
                0x000000000000da5c       0x28 drivers/built-in.o
 .text.syscon_get_regmap
                0x000000000000da84       0x3c drivers/built-in.o
                0x000000000000da84                syscon_get_regmap
 .text.syscon_get_by_driver_data
                0x000000000000dac0       0x74 drivers/built-in.o
                0x000000000000dac0                syscon_get_by_driver_data
 .text.syscon_get_regmap_by_driver_data
                0x000000000000db34       0x30 drivers/built-in.o
                0x000000000000db34                syscon_get_regmap_by_driver_data
 .text.syscon_get_first_range
                0x000000000000db64       0x28 drivers/built-in.o
                0x000000000000db64                syscon_get_first_range
 .text.of_find_property
                0x000000000000db8c       0x78 drivers/built-in.o
                0x000000000000db8c                of_find_property
 .text.of_find_property_value_of_size
                0x000000000000dc04       0x54 drivers/built-in.o
 .text.of_find_all_nodes
                0x000000000000dc58       0x34 drivers/built-in.o
                0x000000000000dc58                of_find_all_nodes
 .text.of_get_property
                0x000000000000dc8c       0x24 drivers/built-in.o
                0x000000000000dc8c                of_get_property
 .text.of_n_addr_cells
                0x000000000000dcb0       0x5c drivers/built-in.o
                0x000000000000dcb0                of_n_addr_cells
 .text.of_n_size_cells
                0x000000000000dd0c       0x5c drivers/built-in.o
                0x000000000000dd0c                of_n_size_cells
 .text.of_simple_addr_cells
                0x000000000000dd68       0x34 drivers/built-in.o
                0x000000000000dd68                of_simple_addr_cells
 .text.of_simple_size_cells
                0x000000000000dd9c       0x34 drivers/built-in.o
                0x000000000000dd9c                of_simple_size_cells
 .text.of_device_is_compatible
                0x000000000000ddd0      0x110 drivers/built-in.o
                0x000000000000ddd0                of_device_is_compatible
 .text.of_device_is_available
                0x000000000000dee0       0x60 drivers/built-in.o
                0x000000000000dee0                of_device_is_available
 .text.of_get_parent
                0x000000000000df40       0x14 drivers/built-in.o
                0x000000000000df40                of_get_parent
 .text.of_find_node_opts_by_path
                0x000000000000df54      0x19c drivers/built-in.o
                0x000000000000df54                of_find_node_opts_by_path
 .text.of_find_node_by_phandle
                0x000000000000e0f0       0x5c drivers/built-in.o
                0x000000000000e0f0                of_find_node_by_phandle
 .text.of_read_u32
                0x000000000000e14c       0x48 drivers/built-in.o
                0x000000000000e14c                of_read_u32
 .text.__of_parse_phandle_with_args.constprop.2
                0x000000000000e194      0x170 drivers/built-in.o
 .text.of_read_u32_array
                0x000000000000e304       0x54 drivers/built-in.o
                0x000000000000e304                of_read_u32_array
 .text.of_property_match_string
                0x000000000000e358       0xa4 drivers/built-in.o
                0x000000000000e358                of_property_match_string
 .text.of_property_read_string_helper
                0x000000000000e3fc       0xd8 drivers/built-in.o
                0x000000000000e3fc                of_property_read_string_helper
 .text.of_parse_phandle_with_args
                0x000000000000e4d4       0x10 drivers/built-in.o
                0x000000000000e4d4                of_parse_phandle_with_args
 .text.of_count_phandle_with_args
                0x000000000000e4e4        0xc drivers/built-in.o
                0x000000000000e4e4                of_count_phandle_with_args
 .text.of_alias_get_id
                0x000000000000e4f0       0x6c drivers/built-in.o
                0x000000000000e4f0                of_alias_get_id
 .text.of_bus_default_map
                0x000000000000e55c       0xa4 drivers/built-in.o
 .text.of_bus_default_get_flags
                0x000000000000e600        0x8 drivers/built-in.o
 .text.of_bus_default_count_cells
                0x000000000000e608       0x48 drivers/built-in.o
 .text.of_match_bus
                0x000000000000e650       0x64 drivers/built-in.o
 .text.of_bus_default_translate
                0x000000000000e6b4       0xb8 drivers/built-in.o
 .text.of_get_address
                0x000000000000e76c      0x14c drivers/built-in.o
                0x000000000000e76c                of_get_address
 .text.of_translate_address
                0x000000000000e8b8      0x23c drivers/built-in.o
                0x000000000000e8b8                of_translate_address
 .text.of_address_to_resource
                0x000000000000eaf4       0xcc drivers/built-in.o
                0x000000000000eaf4                of_address_to_resource
 .text.dev_read_u32_default
                0x000000000000ebc0       0x18 drivers/built-in.o
                0x000000000000ebc0                dev_read_u32_default
 .text.dev_read_string
                0x000000000000ebd8       0x18 drivers/built-in.o
                0x000000000000ebd8                dev_read_string
 .text.dev_read_bool
                0x000000000000ebf0       0x18 drivers/built-in.o
                0x000000000000ebf0                dev_read_bool
 .text.dev_read_first_subnode
                0x000000000000ec08       0x18 drivers/built-in.o
                0x000000000000ec08                dev_read_first_subnode
 .text.dev_read_size
                0x000000000000ec20       0x18 drivers/built-in.o
                0x000000000000ec20                dev_read_size
 .text.dev_read_addr_index
                0x000000000000ec38       0x44 drivers/built-in.o
                0x000000000000ec38                dev_read_addr_index
 .text.dev_read_addr
                0x000000000000ec7c        0x8 drivers/built-in.o
                0x000000000000ec7c                dev_read_addr
 .text.dev_read_addr_ptr
                0x000000000000ec84       0x1c drivers/built-in.o
                0x000000000000ec84                dev_read_addr_ptr
 .text.dev_read_addr_size
                0x000000000000eca0       0x18 drivers/built-in.o
                0x000000000000eca0                dev_read_addr_size
 .text.dev_read_stringlist_search
                0x000000000000ecb8       0x18 drivers/built-in.o
                0x000000000000ecb8                dev_read_stringlist_search
 .text.dev_read_phandle_with_args
                0x000000000000ecd0       0x18 drivers/built-in.o
                0x000000000000ecd0                dev_read_phandle_with_args
 .text.dev_count_phandle_with_args
                0x000000000000ece8       0x18 drivers/built-in.o
                0x000000000000ece8                dev_count_phandle_with_args
 .text.dev_read_simple_addr_cells
                0x000000000000ed00       0x18 drivers/built-in.o
                0x000000000000ed00                dev_read_simple_addr_cells
 .text.dev_read_simple_size_cells
                0x000000000000ed18       0x18 drivers/built-in.o
                0x000000000000ed18                dev_read_simple_size_cells
 .text.dev_read_phandle
                0x000000000000ed30       0x3c drivers/built-in.o
                0x000000000000ed30                dev_read_phandle
 .text.dev_read_prop
                0x000000000000ed6c       0x18 drivers/built-in.o
                0x000000000000ed6c                dev_read_prop
 .text.dev_read_alias_seq
                0x000000000000ed84       0x70 drivers/built-in.o
                0x000000000000ed84                dev_read_alias_seq
 .text.dev_read_u32_array
                0x000000000000edf4       0x40 drivers/built-in.o
                0x000000000000edf4                dev_read_u32_array
 .text.ofnode_read_u32
                0x000000000000ee34       0x94 drivers/built-in.o
                0x000000000000ee34                ofnode_read_u32
 .text.ofnode_read_u32_default
                0x000000000000eec8       0x2c drivers/built-in.o
                0x000000000000eec8                ofnode_read_u32_default
 .text.ofnode_read_string
                0x000000000000eef4       0xac drivers/built-in.o
                0x000000000000eef4                ofnode_read_string
 .text.ofnode_read_u32_array
                0x000000000000efa0       0x4c drivers/built-in.o
                0x000000000000efa0                ofnode_read_u32_array
 .text.ofnode_first_subnode
                0x000000000000efec       0x64 drivers/built-in.o
                0x000000000000efec                ofnode_first_subnode
 .text.ofnode_next_subnode
                0x000000000000f050       0x64 drivers/built-in.o
                0x000000000000f050                ofnode_next_subnode
 .text.ofnode_get_name
                0x000000000000f0b4       0x80 drivers/built-in.o
                0x000000000000f0b4                ofnode_get_name
 .text.ofnode_get_by_phandle
                0x000000000000f134       0x30 drivers/built-in.o
                0x000000000000f134                ofnode_get_by_phandle
 .text.ofnode_read_size
                0x000000000000f164       0x74 drivers/built-in.o
                0x000000000000f164                ofnode_read_size
 .text.ofnode_get_addr_index
                0x000000000000f1d8       0xa4 drivers/built-in.o
                0x000000000000f1d8                ofnode_get_addr_index
 .text.ofnode_stringlist_search
                0x000000000000f27c       0x6c drivers/built-in.o
                0x000000000000f27c                ofnode_stringlist_search
 .text.ofnode_parse_phandle_with_args
                0x000000000000f2e8       0xd8 drivers/built-in.o
                0x000000000000f2e8                ofnode_parse_phandle_with_args
 .text.ofnode_count_phandle_with_args
                0x000000000000f3c0       0x50 drivers/built-in.o
                0x000000000000f3c0                ofnode_count_phandle_with_args
 .text.ofnode_path
                0x000000000000f410       0x40 drivers/built-in.o
                0x000000000000f410                ofnode_path
 .text.ofnode_get_property
                0x000000000000f450       0x44 drivers/built-in.o
                0x000000000000f450                ofnode_get_property
 .text.ofnode_read_bool
                0x000000000000f494       0x28 drivers/built-in.o
                0x000000000000f494                ofnode_read_bool
 .text.ofnode_is_available
                0x000000000000f4bc       0x54 drivers/built-in.o
                0x000000000000f4bc                ofnode_is_available
 .text.ofnode_get_addr_size
                0x000000000000f510       0xf0 drivers/built-in.o
                0x000000000000f510                ofnode_get_addr_size
 .text.ofnode_read_simple_addr_cells
                0x000000000000f600       0x3c drivers/built-in.o
                0x000000000000f600                ofnode_read_simple_addr_cells
 .text.ofnode_read_simple_size_cells
                0x000000000000f63c       0x3c drivers/built-in.o
                0x000000000000f63c                ofnode_read_simple_size_cells
 .text.ofnode_pre_reloc
                0x000000000000f678       0x48 drivers/built-in.o
                0x000000000000f678                ofnode_pre_reloc
 .text.crypto_algo_nbits
                0x000000000000f6c0       0xfc drivers/built-in.o
                0x000000000000f6c0                crypto_algo_nbits
 .text.crypto_get_device
                0x000000000000f7bc       0x78 drivers/built-in.o
                0x000000000000f7bc                crypto_get_device
 .text.crypto_sha_init
                0x000000000000f834       0x34 drivers/built-in.o
                0x000000000000f834                crypto_sha_init
 .text.crypto_sha_update
                0x000000000000f868       0x2c drivers/built-in.o
                0x000000000000f868                crypto_sha_update
 .text.crypto_sha_final
                0x000000000000f894       0xcc drivers/built-in.o
                0x000000000000f894                crypto_sha_final
 .text.crypto_sha_csum
                0x000000000000f960       0x78 drivers/built-in.o
                0x000000000000f960                crypto_sha_csum
 .text.mod_exp_sw
                0x000000000000f9d8       0x14 drivers/built-in.o
                0x000000000000f9d8                mod_exp_sw
 .text.crypto_v3_dynamic_cap
                0x000000000000f9ec       0x64 drivers/built-in.o
 .text.hw_hash_clean_ctx
                0x000000000000fa50       0x44 drivers/built-in.o
 .text.rockchip_crypto_rsa_verify
                0x000000000000fa94      0x15c drivers/built-in.o
 .text.rockchip_crypto_capability
                0x000000000000fbf0       0x24 drivers/built-in.o
 .text.rockchip_crypto_sha_init
                0x000000000000fc14      0x1f8 drivers/built-in.o
 .text.rk_hash_direct_calc
                0x000000000000fe0c      0x168 drivers/built-in.o
 .text.rockchip_crypto_ofdata_to_platdata
                0x000000000000ff74      0x148 drivers/built-in.o
 .text.rockchip_crypto_probe
                0x00000000000100bc      0x150 drivers/built-in.o
 .text.rk_hash_update
                0x000000000001020c       0x68 drivers/built-in.o
                0x000000000001020c                rk_hash_update
 .text.rockchip_crypto_sha_update
                0x0000000000010274       0x9c drivers/built-in.o
 .text.rk_hash_final
                0x0000000000010310      0x160 drivers/built-in.o
                0x0000000000010310                rk_hash_final
 .text.rockchip_crypto_sha_final
                0x0000000000010470       0x7c drivers/built-in.o
 .text.crypto_flush_cacheline
                0x00000000000104ec       0x30 drivers/built-in.o
                0x00000000000104ec                crypto_flush_cacheline
 .text.crypto_hash_cache_alloc
                0x000000000001051c       0x74 drivers/built-in.o
                0x000000000001051c                crypto_hash_cache_alloc
 .text.crypto_hash_cache_free
                0x0000000000010590        0x4 drivers/built-in.o
                0x0000000000010590                crypto_hash_cache_free
 .text.crypto_hash_update_with_cache
                0x0000000000010594      0x1e8 drivers/built-in.o
                0x0000000000010594                crypto_hash_update_with_cache
 .text.mpa_highest_bit_index
                0x000000000001077c       0x60 drivers/built-in.o
 .text.rk_check_size
                0x00000000000107dc       0x30 drivers/built-in.o
 .text.rk_pka_ram_ctrl_enable
                0x000000000001080c       0x18 drivers/built-in.o
                0x000000000001080c                rk_pka_ram_ctrl_enable
 .text.rk_pka_ram_ctrl_disable
                0x0000000000010824       0x18 drivers/built-in.o
                0x0000000000010824                rk_pka_ram_ctrl_disable
 .text.rk_pka_wait_on_ram_ready
                0x000000000001083c       0x18 drivers/built-in.o
                0x000000000001083c                rk_pka_wait_on_ram_ready
 .text.rk_pka_wait_on_pipe_ready
                0x0000000000010854       0x18 drivers/built-in.o
                0x0000000000010854                rk_pka_wait_on_pipe_ready
 .text.rk_pka_wait_on_done
                0x000000000001086c       0x18 drivers/built-in.o
                0x000000000001086c                rk_pka_wait_on_done
 .text.rk_pka_get_status_div_byzero
                0x0000000000010884       0x30 drivers/built-in.o
                0x0000000000010884                rk_pka_get_status_div_byzero
 .text.rk_pka_read_regsize
                0x00000000000108b4       0x38 drivers/built-in.o
                0x00000000000108b4                rk_pka_read_regsize
 .text.rk_pka_get_regaddr
                0x00000000000108ec       0x20 drivers/built-in.o
                0x00000000000108ec                rk_pka_get_regaddr
 .text.rk_pka_read_regaddr
                0x000000000001090c       0x38 drivers/built-in.o
                0x000000000001090c                rk_pka_read_regaddr
 .text.rk_pka_make_full_opcode
                0x0000000000010944       0x48 drivers/built-in.o
                0x0000000000010944                rk_pka_make_full_opcode
 .text.rk_pka_hw_load_block2pka_mem
                0x000000000001098c       0x38 drivers/built-in.o
                0x000000000001098c                rk_pka_hw_load_block2pka_mem
 .text.rk_pka_hw_clear_pka_mem
                0x00000000000109c4       0x38 drivers/built-in.o
                0x00000000000109c4                rk_pka_hw_clear_pka_mem
 .text.rk_pka_hw_read_block_from_pka_mem
                0x00000000000109fc       0x38 drivers/built-in.o
                0x00000000000109fc                rk_pka_hw_read_block_from_pka_mem
 .text.rk_pka_exec_operation
                0x0000000000010a34       0xac drivers/built-in.o
                0x0000000000010a34                rk_pka_exec_operation
 .text.rk_pka_set_sizes_tab
                0x0000000000010ae0       0xb4 drivers/built-in.o
                0x0000000000010ae0                rk_pka_set_sizes_tab
 .text.rk_pka_set_map_tab
                0x0000000000010b94       0xf8 drivers/built-in.o
                0x0000000000010b94                rk_pka_set_map_tab
 .text.rk_pka_clear_block_of_regs
                0x0000000000010c8c       0xe4 drivers/built-in.o
                0x0000000000010c8c                rk_pka_clear_block_of_regs
 .text.rk_pka_init
                0x0000000000010d70       0xd4 drivers/built-in.o
                0x0000000000010d70                rk_pka_init
 .text.rk_pka_finish
                0x0000000000010e44       0x40 drivers/built-in.o
                0x0000000000010e44                rk_pka_finish
 .text.rk_pka_copy_data_into_reg
                0x0000000000010e84       0xa4 drivers/built-in.o
                0x0000000000010e84                rk_pka_copy_data_into_reg
 .text.rk_pka_copy_data_from_reg
                0x0000000000010f28       0x4c drivers/built-in.o
                0x0000000000010f28                rk_pka_copy_data_from_reg
 .text.rk_pka_div_long_num
                0x0000000000010f74      0x17c drivers/built-in.o
                0x0000000000010f74                rk_pka_div_long_num
 .text.rk_pka_calcNp_and_initmodop
                0x00000000000110f0      0x118 drivers/built-in.o
                0x00000000000110f0                rk_pka_calcNp_and_initmodop
 .text.rk_calcNp_and_initmodop
                0x0000000000011208       0xa0 drivers/built-in.o
                0x0000000000011208                rk_calcNp_and_initmodop
 .text.rk_mpa_alloc
                0x00000000000112a8       0xcc drivers/built-in.o
                0x00000000000112a8                rk_mpa_alloc
 .text.rk_mpa_free
                0x0000000000011374        0x4 drivers/built-in.o
                0x0000000000011374                rk_mpa_free
 .text.rk_mod   0x0000000000011378      0x14c drivers/built-in.o
                0x0000000000011378                rk_mod
 .text.rk_exptmod_np
                0x00000000000114c4      0x270 drivers/built-in.o
                0x00000000000114c4                rk_exptmod_np
 .text.util_word_memcpy
                0x0000000000011734       0x20 drivers/built-in.o
                0x0000000000011734                util_word_memcpy
 .text.util_word_memset
                0x0000000000011754       0x1c drivers/built-in.o
                0x0000000000011754                util_word_memset
 .text.misc_read
                0x0000000000011770       0x1c drivers/built-in.o
                0x0000000000011770                misc_read
 .text.misc_ioctl
                0x000000000001178c       0x1c drivers/built-in.o
                0x000000000001178c                misc_ioctl
 .text.misc_get_device_by_capability
                0x00000000000117a8       0x88 drivers/built-in.o
                0x00000000000117a8                misc_get_device_by_capability
 .text.misc_otp_get_device
                0x0000000000011830        0x4 drivers/built-in.o
                0x0000000000011830                misc_otp_get_device
 .text.misc_otp_read
                0x0000000000011834        0x4 drivers/built-in.o
                0x0000000000011834                misc_otp_read
 .text.misc_decompress_finish.isra.1
                0x0000000000011838       0x68 drivers/built-in.o
 .text.misc_decompress_async
                0x00000000000118a0       0x38 drivers/built-in.o
                0x00000000000118a0                misc_decompress_async
 .text.misc_decompress_sync
                0x00000000000118d8       0x38 drivers/built-in.o
                0x00000000000118d8                misc_decompress_sync
 .text.misc_decompress_cleanup
                0x0000000000011910       0xdc drivers/built-in.o
                0x0000000000011910                misc_decompress_cleanup
 .text.misc_decompress_process
                0x00000000000119ec      0x300 drivers/built-in.o
                0x00000000000119ec                misc_decompress_process
 .text.rockchip_otp_probe
                0x0000000000011cec       0x48 drivers/built-in.o
 .text.rockchip_otp_read
                0x0000000000011d34       0x60 drivers/built-in.o
 .text.rockchip_otp_ofdata_to_platdata
                0x0000000000011d94       0x34 drivers/built-in.o
 .text.rockchip_rv1126_otp_read
                0x0000000000011dc8       0xe4 drivers/built-in.o
 .text.rockchip_rv1126_otp_init
                0x0000000000011eac       0xe0 drivers/built-in.o
 .text.rockchip_rk3588_otp_read
                0x0000000000011f8c      0x194 drivers/built-in.o
 .text.rk3308bs_otp_wait_status.isra.0
                0x0000000000012120       0x7c drivers/built-in.o
 .text.rockchip_rk3308bs_otp_read
                0x000000000001219c      0x24c drivers/built-in.o
 .text.rockchip_otp_wait_status.isra.2
                0x00000000000123e8       0x7c drivers/built-in.o
 .text.rockchip_otp_ecc_enable.constprop.5
                0x0000000000012464       0x94 drivers/built-in.o
 .text.rockchip_px30_otp_read
                0x00000000000124f8      0x104 drivers/built-in.o
 .text.rockchip_rk3568_otp_read
                0x00000000000125fc      0x178 drivers/built-in.o
 .text.secure_otp_ioctl
                0x0000000000012774       0x24 drivers/built-in.o
 .text.secure_otp_write
                0x0000000000012798       0x48 drivers/built-in.o
 .text.secure_otp_read
                0x00000000000127e0       0x48 drivers/built-in.o
 .text.rockchip_secure_otp_ofdata_to_platdata
                0x0000000000012828       0x88 drivers/built-in.o
 .text.rk3588_secure_otp_read_byte.isra.0
                0x00000000000128b0       0xc4 drivers/built-in.o
 .text.rk3588_secure_otp_read
                0x0000000000012974       0xc0 drivers/built-in.o
 .text.rk3588_secure_otp_write
                0x0000000000012a34      0x194 drivers/built-in.o
 .text.rockchip_decom_ioctl
                0x0000000000012bc8      0x1bc drivers/built-in.o
 .text.rockchip_decom_ofdata_to_platdata
                0x0000000000012d84       0x58 drivers/built-in.o
 .text.rockchip_decom_probe
                0x0000000000012ddc       0x6c drivers/built-in.o
 .text.sysreset_request
                0x0000000000012e48       0x1c drivers/built-in.o
                0x0000000000012e48                sysreset_request
 .text.sysreset_walk
                0x0000000000012e64       0x6c drivers/built-in.o
                0x0000000000012e64                sysreset_walk
 .text.sysreset_walk_halt
                0x0000000000012ed0       0x34 drivers/built-in.o
                0x0000000000012ed0                sysreset_walk_halt
 .text.reboot   0x0000000000012f04       0x5c drivers/built-in.o
                0x0000000000012f04                reboot
 .text.do_reset
                0x0000000000012f60       0x20 drivers/built-in.o
                0x0000000000012f60                do_reset
 .text.rockchip_sysreset_request
                0x0000000000012f80       0x68 drivers/built-in.o
                0x0000000000012f80                rockchip_sysreset_request
 .text.psci_probe
                0x0000000000012fe8       0xa0 drivers/built-in.o
 .text.__invoke_psci_fn_smc
                0x0000000000013088       0x38 drivers/built-in.o
 .text.__invoke_psci_fn_hvc
                0x00000000000130c0       0x38 drivers/built-in.o
 .text.psci_bind
                0x00000000000130f8       0x68 drivers/built-in.o
 .text.scmi_bind_protocols
                0x0000000000013160       0xc4 drivers/built-in.o
 .text.mmc_send_op_cond_iter
                0x0000000000013224       0x74 drivers/built-in.o
 .text.mmc_read_blocks
                0x0000000000013298       0xd4 drivers/built-in.o
 .text.mmc_go_idle
                0x000000000001336c       0x50 drivers/built-in.o
 .text.mmc_set_capacity
                0x00000000000133bc       0x84 drivers/built-in.o
 .text.mmc_send_ext_csd
                0x0000000000013440       0x68 drivers/built-in.o
 .text.__mmc_switch.isra.3
                0x00000000000134a8      0x130 drivers/built-in.o
 .text.mmc_select_bus_width
                0x00000000000135d8      0x17c drivers/built-in.o
 .text.mmc_send_status
                0x0000000000013754       0xd4 drivers/built-in.o
                0x0000000000013754                mmc_send_status
 .text.mmc_set_blocklen
                0x0000000000013828       0x5c drivers/built-in.o
                0x0000000000013828                mmc_set_blocklen
 .text.mmc_set_clock
                0x0000000000013884       0x24 drivers/built-in.o
                0x0000000000013884                mmc_set_clock
 .text.mmc_set_bus_speed
                0x00000000000138a8       0x5c drivers/built-in.o
 .text.mmc_startup
                0x0000000000013904      0xc08 drivers/built-in.o
 .text.mmc_send_tuning
                0x000000000001450c       0xd4 drivers/built-in.o
                0x000000000001450c                mmc_send_tuning
 .text.mmc_switch_part
                0x00000000000145e0       0x7c drivers/built-in.o
                0x00000000000145e0                mmc_switch_part
 .text.mmc_start_init
                0x000000000001465c      0x21c drivers/built-in.o
                0x000000000001465c                mmc_start_init
 .text.mmc_init
                0x0000000000014878      0x134 drivers/built-in.o
                0x0000000000014878                mmc_init
 .text.mmc_bread
                0x00000000000149ac      0x158 drivers/built-in.o
                0x00000000000149ac                mmc_bread
 .text.mmc_initialize
                0x0000000000014b04       0x34 drivers/built-in.o
                0x0000000000014b04                mmc_initialize
 .text.mmc_blk_probe
                0x0000000000014b38       0x1c drivers/built-in.o
 .text.mmc_card_busy
                0x0000000000014b54       0x20 drivers/built-in.o
                0x0000000000014b54                mmc_card_busy
 .text.mmc_can_card_busy
                0x0000000000014b74       0x1c drivers/built-in.o
                0x0000000000014b74                mmc_can_card_busy
 .text.dm_mmc_set_ios
                0x0000000000014b90       0x1c drivers/built-in.o
                0x0000000000014b90                dm_mmc_set_ios
 .text.mmc_set_ios
                0x0000000000014bac        0x8 drivers/built-in.o
                0x0000000000014bac                mmc_set_ios
 .text.dm_mmc_get_cd
                0x0000000000014bb4       0x1c drivers/built-in.o
                0x0000000000014bb4                dm_mmc_get_cd
 .text.mmc_getcd
                0x0000000000014bd0        0x8 drivers/built-in.o
                0x0000000000014bd0                mmc_getcd
 .text.mmc_get_mmc_dev
                0x0000000000014bd8       0x28 drivers/built-in.o
                0x0000000000014bd8                mmc_get_mmc_dev
 .text.dm_mmc_send_cmd
                0x0000000000014c00       0xe4 drivers/built-in.o
                0x0000000000014c00                dm_mmc_send_cmd
 .text.mmc_send_cmd
                0x0000000000014ce4        0x8 drivers/built-in.o
                0x0000000000014ce4                mmc_send_cmd
 .text.mmc_select_hwpart
                0x0000000000014cec       0x78 drivers/built-in.o
 .text.find_mmc_device
                0x0000000000014d64       0x54 drivers/built-in.o
                0x0000000000014d64                find_mmc_device
 .text.mmc_get_blk_desc
                0x0000000000014db8       0x30 drivers/built-in.o
                0x0000000000014db8                mmc_get_blk_desc
 .text.mmc_do_preinit
                0x0000000000014de8       0x68 drivers/built-in.o
                0x0000000000014de8                mmc_do_preinit
 .text.mmc_bind
                0x0000000000014e50       0xb8 drivers/built-in.o
                0x0000000000014e50                mmc_bind
 .text.mmc_erase_t
                0x0000000000014f08      0x100 drivers/built-in.o
 .text.mmc_write_blocks
                0x0000000000015008      0x138 drivers/built-in.o
 .text.mmc_berase
                0x0000000000015140      0x15c drivers/built-in.o
                0x0000000000015140                mmc_berase
 .text.mmc_bwrite
                0x000000000001529c       0xe4 drivers/built-in.o
                0x000000000001529c                mmc_bwrite
 .text.dwmci_execute_tuning
                0x0000000000015380       0x40 drivers/built-in.o
 .text.dwmci_card_busy
                0x00000000000153c0       0x28 drivers/built-in.o
 .text.dwmci_get_cd
                0x00000000000153e8       0x60 drivers/built-in.o
 .text.dwmci_wait_reset.isra.0
                0x0000000000015448       0x3c drivers/built-in.o
 .text.dwmci_send_cmd
                0x0000000000015484      0x624 drivers/built-in.o
 .text.dwmci_setup_bus.part.3
                0x0000000000015aa8      0x10c drivers/built-in.o
 .text.dwmci_set_ios
                0x0000000000015bb4       0xb8 drivers/built-in.o
 .text.dwmci_probe
                0x0000000000015c6c      0x17c drivers/built-in.o
                0x0000000000015c6c                dwmci_probe
 .text.dwmci_setup_cfg
                0x0000000000015de8       0x98 drivers/built-in.o
                0x0000000000015de8                dwmci_setup_cfg
 .text.dwmci_bind
                0x0000000000015e80        0x4 drivers/built-in.o
                0x0000000000015e80                dwmci_bind
 .text.rockchip_dwmmc_ofdata_to_platdata
                0x0000000000015e84      0x110 drivers/built-in.o
 .text.rockchip_dwmmc_get_mmc_clk
                0x0000000000015f94       0x58 drivers/built-in.o
 .text.rockchip_dwmmc_execute_tuning
                0x0000000000015fec      0x104 drivers/built-in.o
 .text.rockchip_dwmmc_bind
                0x00000000000160f0       0x2c drivers/built-in.o
 .text.mmc_gpio_init_direct
                0x000000000001611c        0x4 drivers/built-in.o
                0x000000000001611c                mmc_gpio_init_direct
 .text.rockchip_dwmmc_probe
                0x0000000000016120      0x128 drivers/built-in.o
 .text.sdhci_card_busy
                0x0000000000016248       0x2c drivers/built-in.o
 .text.sdhci_reset.isra.3
                0x0000000000016274       0x88 drivers/built-in.o
 .text.sdhci_send_command
                0x00000000000162fc      0x5c8 drivers/built-in.o
 .text.sdhci_execute_tuning
                0x00000000000168c4      0x114 drivers/built-in.o
 .text.sdhci_set_clock
                0x00000000000169d8      0x1b0 drivers/built-in.o
                0x00000000000169d8                sdhci_set_clock
 .text.sdhci_set_ios
                0x0000000000016b88      0x1e0 drivers/built-in.o
 .text.sdhci_probe
                0x0000000000016d68      0x19c drivers/built-in.o
                0x0000000000016d68                sdhci_probe
 .text.sdhci_setup_cfg
                0x0000000000016f04      0x1b0 drivers/built-in.o
                0x0000000000016f04                sdhci_setup_cfg
 .text.sdhci_bind
                0x00000000000170b4        0x4 drivers/built-in.o
                0x00000000000170b4                sdhci_bind
 .text.dwcmshc_emmc_get_phy
                0x00000000000170b8        0x8 drivers/built-in.o
 .text.rockchip_sdhci_of_to_plat
                0x00000000000170c0       0x3c drivers/built-in.o
 .text.rockchip_sdhci_set_clock
                0x00000000000170fc       0x48 drivers/built-in.o
 .text.rockchip_sdhci_set_ios_post
                0x0000000000017144       0x40 drivers/built-in.o
 .text.rockchip_sdhci_probe
                0x0000000000017184      0x1d0 drivers/built-in.o
 .text.rockchip_sdhci_bind
                0x0000000000017354       0x2c drivers/built-in.o
 .text.rk3399_emmc_get_phy
                0x0000000000017380       0xb4 drivers/built-in.o
 .text.dwcmshc_sdhci_set_ios_post
                0x0000000000017434       0x7c drivers/built-in.o
 .text.rockchip_emmc_set_clock
                0x00000000000174b0      0x1a0 drivers/built-in.o
 .text.dwcmshc_sdhci_emmc_set_clock
                0x0000000000017650      0x170 drivers/built-in.o
 .text.rk3399_sdhci_emmc_set_clock
                0x00000000000177c0      0x198 drivers/built-in.o
 .text.pinconfig_post_bind
                0x0000000000017958       0xe0 drivers/built-in.o
 .text.pinctrl_post_bind
                0x0000000000017a38       0x28 drivers/built-in.o
 .text.pinctrl_select_state
                0x0000000000017a60      0x168 drivers/built-in.o
                0x0000000000017a60                pinctrl_select_state
 .text.rockchip_get_recalced_mux
                0x0000000000017bc8       0xd8 drivers/built-in.o
                0x0000000000017c34                rockchip_get_recalced_mux
 .text.px30_calc_pull_reg_and_bit
                0x0000000000017ca0       0x6c drivers/built-in.o
 .text.px30_calc_drv_reg_and_bit
                0x0000000000017d0c       0x6c drivers/built-in.o
 .text.px30_calc_schmitt_reg_and_bit
                0x0000000000017d78       0x68 drivers/built-in.o
 .text.rv1108_calc_pull_reg_and_bit
                0x0000000000017de0       0x6c drivers/built-in.o
 .text.rv1108_calc_drv_reg_and_bit
                0x0000000000017e4c       0x6c drivers/built-in.o
 .text.rv1108_calc_schmitt_reg_and_bit
                0x0000000000017eb8       0x68 drivers/built-in.o
 .text.rv1126_calc_pull_reg_and_bit
                0x0000000000017f20       0xac drivers/built-in.o
 .text.rv1126_calc_drv_reg_and_bit
                0x0000000000017fcc       0xa8 drivers/built-in.o
 .text.rv1126_calc_schmitt_reg_and_bit
                0x0000000000018074       0xac drivers/built-in.o
 .text.rk1808_calc_pull_reg_and_bit
                0x0000000000018120       0x60 drivers/built-in.o
 .text.rk1808_calc_drv_reg_and_bit
                0x0000000000018180       0x5c drivers/built-in.o
 .text.rk1808_calc_schmitt_reg_and_bit
                0x00000000000181dc       0x6c drivers/built-in.o
 .text.rk3128_calc_pull_reg_and_bit
                0x0000000000018248       0x48 drivers/built-in.o
 .text.rk2928_calc_pull_reg_and_bit
                0x0000000000018290        0x4 drivers/built-in.o
 .text.rk3188_calc_pull_reg_and_bit
                0x0000000000018294       0x90 drivers/built-in.o
 .text.rk3288_calc_pull_reg_and_bit
                0x0000000000018324       0x70 drivers/built-in.o
 .text.rk3288_calc_drv_reg_and_bit
                0x0000000000018394       0x70 drivers/built-in.o
 .text.rk3228_calc_drv_reg_and_bit
                0x0000000000018404       0x4c drivers/built-in.o
 .text.rk3308_calc_pull_reg_and_bit
                0x0000000000018450       0x4c drivers/built-in.o
 .text.rk3308_calc_drv_reg_and_bit
                0x000000000001849c       0x4c drivers/built-in.o
 .text.rk3228_calc_pull_reg_and_bit
                0x00000000000184e8        0x4 drivers/built-in.o
 .text.rk3308_calc_schmitt_reg_and_bit
                0x00000000000184ec       0x4c drivers/built-in.o
 .text.rk3368_calc_pull_reg_and_bit
                0x0000000000018538       0x70 drivers/built-in.o
 .text.rk3368_calc_drv_reg_and_bit
                0x00000000000185a8       0x70 drivers/built-in.o
 .text.rk3399_calc_pull_reg_and_bit
                0x0000000000018618       0x74 drivers/built-in.o
 .text.rk3399_calc_drv_reg_and_bit
                0x000000000001868c       0x74 drivers/built-in.o
 .text.rk3328_calc_schmitt_reg_and_bit
                0x0000000000018700       0x4c drivers/built-in.o
 .text.px30_calc_slew_rate_reg_and_bit
                0x000000000001874c       0x68 drivers/built-in.o
 .text.rockchip_pinctrl_get_pins_count
                0x00000000000187b4       0x38 drivers/built-in.o
 .text.rockchip_pinctrl_get_gpio_mux
                0x00000000000187ec      0x25c drivers/built-in.o
 .text.rockchip_set_pull
                0x0000000000018a48      0x160 drivers/built-in.o
 .text.rockchip_pinctrl_probe
                0x0000000000018ba8      0x560 drivers/built-in.o
                0x0000000000018e78                rockchip_pinctrl_probe
 .text.rockchip_pinctrl_set_state
                0x0000000000019108      0xa9c drivers/built-in.o
 .text.rockchip_get_mux_data
                0x0000000000019ba4       0x98 drivers/built-in.o
                0x0000000000019ba4                rockchip_get_mux_data
 .text.rk3588_set_mux
                0x0000000000019c3c      0x138 drivers/built-in.o
 .text.rk3588_set_schmitt
                0x0000000000019d74       0xb0 drivers/built-in.o
 .text.rk3588_set_drive
                0x0000000000019e24       0xb4 drivers/built-in.o
 .text.rk3588_set_pull
                0x0000000000019ed8       0xb4 drivers/built-in.o
 .text._serial_putc
                0x0000000000019f8c       0x58 drivers/built-in.o
 .text.serial_post_probe
                0x0000000000019fe4       0x20 drivers/built-in.o
 .text.serial_pre_remove
                0x000000000001a004        0x8 drivers/built-in.o
 .text.serial_init
                0x000000000001a00c        0x8 drivers/built-in.o
                0x000000000001a00c                serial_init
 .text.serial_putc
                0x000000000001a014       0x1c drivers/built-in.o
                0x000000000001a014                serial_putc
 .text.ns16550_serial_ofdata_to_platdata
                0x000000000001a030      0x124 drivers/built-in.o
                0x000000000001a030                ns16550_serial_ofdata_to_platdata
 .text.ns16550_writeb.isra.0
                0x000000000001a154       0x1c drivers/built-in.o
 .text.NS16550_setbrg
                0x000000000001a170       0x54 drivers/built-in.o
 .text.ns16550_serial_setbrg
                0x000000000001a1c4       0x3c drivers/built-in.o
 .text.ns16550_serial_clear
                0x000000000001a200       0x28 drivers/built-in.o
 .text.ns16550_readb.isra.1
                0x000000000001a228       0x1c drivers/built-in.o
 .text.ns16550_serial_pending
                0x000000000001a244       0x44 drivers/built-in.o
 .text.ns16550_serial_putc
                0x000000000001a288       0x48 drivers/built-in.o
 .text.ns16550_serial_getc
                0x000000000001a2d0       0x3c drivers/built-in.o
 .text.NS16550_init
                0x000000000001a30c       0x70 drivers/built-in.o
                0x000000000001a30c                NS16550_init
 .text.ns16550_serial_probe
                0x000000000001a37c       0x40 drivers/built-in.o
                0x000000000001a37c                ns16550_serial_probe