
Discarded input sections

 .data          0x0000000000000000        0x0 arch/arm/cpu/armv8/start.o
 .bss           0x0000000000000000        0x0 arch/arm/cpu/armv8/start.o
 .text          0x0000000000000000        0x0 arch/arm/mach-rockchip/built-in.o
 .text.param_parse_ddr_mem
                0x0000000000000000      0x170 arch/arm/mach-rockchip/built-in.o
 .text.param_parse_pre_serial
                0x0000000000000000       0x9c arch/arm/mach-rockchip/built-in.o
 .text.param_parse_pubkey_fuse_programmed
                0x0000000000000000       0x58 arch/arm/mach-rockchip/built-in.o
 .text.rockchip_sdram_size
                0x0000000000000000      0x1a8 arch/arm/mach-rockchip/built-in.o
 .text.get_page_size
                0x0000000000000000       0x20 arch/arm/mach-rockchip/built-in.o
 .text.get_ddr_bw
                0x0000000000000000       0x20 arch/arm/mach-rockchip/built-in.o
 .text.dram_init_banksize
                0x0000000000000000       0x18 arch/arm/mach-rockchip/built-in.o
 .text.dram_init
                0x0000000000000000       0x34 arch/arm/mach-rockchip/built-in.o
 .text.board_get_usable_ram_top
                0x0000000000000000       0x18 arch/arm/mach-rockchip/built-in.o
 .text.rockchip_setup_ddr_param
                0x0000000000000000       0x4c arch/arm/mach-rockchip/built-in.o
 .text.fdt_rm_path
                0x0000000000000000       0x28 arch/arm/mach-rockchip/built-in.o
 .text.spl_board_sd_iomux_save
                0x0000000000000000       0x4c arch/arm/mach-rockchip/built-in.o
 .text.spl_board_storages_fixup
                0x0000000000000000       0xa0 arch/arm/mach-rockchip/built-in.o
 .text.rk_board_fdt_fixup
                0x0000000000000000      0x4d8 arch/arm/mach-rockchip/built-in.o
 .text.set_armclk_rate
                0x0000000000000000       0xe4 arch/arm/mach-rockchip/built-in.o
 .text.spl_fit_standalone_release
                0x0000000000000000       0xe4 arch/arm/mach-rockchip/built-in.o
 .text.rockchip_get_clk
                0x0000000000000000       0x14 arch/arm/mach-rockchip/built-in.o
 .text.rockchip_get_cru
                0x0000000000000000       0x30 arch/arm/mach-rockchip/built-in.o
 .text.putc     0x0000000000000000       0x38 arch/arm/mach-rockchip/built-in.o
 .text.puts     0x0000000000000000       0x30 arch/arm/mach-rockchip/built-in.o
 .text.__udelay
                0x0000000000000000       0x1c arch/arm/mach-rockchip/built-in.o
 .text.udelay   0x0000000000000000        0x4 arch/arm/mach-rockchip/built-in.o
 .text.spl_boot_device
                0x0000000000000000        0x8 arch/arm/mach-rockchip/built-in.o
 .text.board_init_r
                0x0000000000000000        0x4 arch/arm/mach-rockchip/built-in.o
 .text.memset   0x0000000000000000       0x1c arch/arm/mach-rockchip/built-in.o
 .text.memcpy   0x0000000000000000       0x70 arch/arm/mach-rockchip/built-in.o
 .text.atags_bad_magic
                0x0000000000000000       0x50 arch/arm/mach-rockchip/built-in.o
 .text.atags_overflow
                0x0000000000000000       0x54 arch/arm/mach-rockchip/built-in.o
 .text.atags_is_available
                0x0000000000000000       0x1c arch/arm/mach-rockchip/built-in.o
 .text.atags_set_tag
                0x0000000000000000      0x19c arch/arm/mach-rockchip/built-in.o
 .text.atags_get_tag
                0x0000000000000000        0x8 arch/arm/mach-rockchip/built-in.o
 .text.atags_destroy
                0x0000000000000000       0x28 arch/arm/mach-rockchip/built-in.o
 .text.param_parse_pstore
                0x0000000000000000       0x8c arch/arm/mach-rockchip/built-in.o
 .text.putc_to_ram
                0x0000000000000000       0x50 arch/arm/mach-rockchip/built-in.o
 .text.puts_to_ram
                0x0000000000000000       0x30 arch/arm/mach-rockchip/built-in.o
 .rodata        0x0000000000000000       0x80 arch/arm/mach-rockchip/built-in.o
 .rodata.param_parse_ddr_mem.str1.1
                0x0000000000000000       0x1a arch/arm/mach-rockchip/built-in.o
 .rodata.param_parse_pubkey_fuse_programmed.str1.1
                0x0000000000000000       0x2d arch/arm/mach-rockchip/built-in.o
 .rodata.get_page_size.str1.1
                0x0000000000000000       0x2b arch/arm/mach-rockchip/built-in.o
 .rodata.__func__.7854
                0x0000000000000000       0x10 arch/arm/mach-rockchip/built-in.o
 .rodata.rk_board_fdt_fixup.str1.1
                0x0000000000000000      0x260 arch/arm/mach-rockchip/built-in.o
 .rodata.set_armclk_rate.str1.1
                0x0000000000000000       0x93 arch/arm/mach-rockchip/built-in.o
 .rodata.str1.1
                0x0000000000000000       0x56 arch/arm/mach-rockchip/built-in.o
 .rodata.CSWTCH.21
                0x0000000000000000        0xa arch/arm/mach-rockchip/built-in.o
 .rodata.atags_bad_magic.str1.1
                0x0000000000000000       0x16 arch/arm/mach-rockchip/built-in.o
 .rodata.atags_overflow.str1.1
                0x0000000000000000       0x11 arch/arm/mach-rockchip/built-in.o
 .data.gpio4d_iomux_sel_l
                0x0000000000000000        0x4 arch/arm/mach-rockchip/built-in.o
 .data.mem_map  0x0000000000000000        0x8 arch/arm/mach-rockchip/built-in.o
 .data.rk3588_mem_map
                0x0000000000000000       0x80 arch/arm/mach-rockchip/built-in.o
 .bss           0x0000000000000000        0x0 arch/arm/mach-rockchip/built-in.o
 .bss.gpio0a_iomux_sel_h
                0x0000000000000000        0x4 arch/arm/mach-rockchip/built-in.o
 .bss.gpio4d_iomux_sel_h
                0x0000000000000000        0x4 arch/arm/mach-rockchip/built-in.o
 .text          0x0000000000000000      0x544 arch/arm/cpu/armv8/built-in.o
 .text.sdelay   0x0000000000000000        0xc arch/arm/cpu/armv8/built-in.o
 .text.cleanup_before_linux
                0x0000000000000000       0x2c arch/arm/cpu/armv8/built-in.o
 .text.get_tbclk
                0x0000000000000000        0x8 arch/arm/cpu/armv8/built-in.o
 .text.timer_read_counter
                0x0000000000000000        0xc arch/arm/cpu/armv8/built-in.o
 .text.get_ticks
                0x0000000000000000       0x10 arch/arm/cpu/armv8/built-in.o
 .text.usec2ticks
                0x0000000000000000       0x44 arch/arm/cpu/armv8/built-in.o
 .text.timer_get_boot_us
                0x0000000000000000       0x14 arch/arm/cpu/armv8/built-in.o
 .text.count_required_pts
                0x0000000000000000       0xf8 arch/arm/cpu/armv8/built-in.o
 .text.create_table
                0x0000000000000000       0x70 arch/arm/cpu/armv8/built-in.o
 .text.split_block
                0x0000000000000000       0xa0 arch/arm/cpu/armv8/built-in.o
 .text.get_tcr  0x0000000000000000       0xe8 arch/arm/cpu/armv8/built-in.o
 .text.find_pte
                0x0000000000000000       0x94 arch/arm/cpu/armv8/built-in.o
 .text.set_one_region
                0x0000000000000000       0xd4 arch/arm/cpu/armv8/built-in.o
 .text.get_page_table_size
                0x0000000000000000       0x4c arch/arm/cpu/armv8/built-in.o
 .text.setup_pgtables
                0x0000000000000000      0x17c arch/arm/cpu/armv8/built-in.o
 .text.mmu_setup
                0x0000000000000000      0x13c arch/arm/cpu/armv8/built-in.o
 .text.invalidate_dcache_all
                0x0000000000000000       0x14 arch/arm/cpu/armv8/built-in.o
 .text.flush_dcache_all
                0x0000000000000000       0x14 arch/arm/cpu/armv8/built-in.o
 .text.invalidate_dcache_range
                0x0000000000000000        0x4 arch/arm/cpu/armv8/built-in.o
 .text.flush_dcache_range
                0x0000000000000000        0x4 arch/arm/cpu/armv8/built-in.o
 .text.dcache_enable
                0x0000000000000000      0x110 arch/arm/cpu/armv8/built-in.o
 .text.dcache_disable
                0x0000000000000000       0x84 arch/arm/cpu/armv8/built-in.o
 .text.dcache_status
                0x0000000000000000       0x34 arch/arm/cpu/armv8/built-in.o
 .text.arch_get_page_table
                0x0000000000000000       0x20 arch/arm/cpu/armv8/built-in.o
 .text.mmu_set_region_dcache_behaviour
                0x0000000000000000       0xa8 arch/arm/cpu/armv8/built-in.o
 .text.mmu_change_region_attr
                0x0000000000000000       0xe8 arch/arm/cpu/armv8/built-in.o
 .text.icache_disable
                0x0000000000000000       0x64 arch/arm/cpu/armv8/built-in.o
 .text.icache_status
                0x0000000000000000       0x34 arch/arm/cpu/armv8/built-in.o
 .text.invalidate_icache_all
                0x0000000000000000       0x14 arch/arm/cpu/armv8/built-in.o
 .text.icache_enable
                0x0000000000000000       0x74 arch/arm/cpu/armv8/built-in.o
 .text.enable_caches
                0x0000000000000000       0x14 arch/arm/cpu/armv8/built-in.o
 .text.__asm_dcache_level
                0x0000000000000000       0x64 arch/arm/cpu/armv8/built-in.o
 .text.__asm_dcache_all
                0x0000000000000000       0x60 arch/arm/cpu/armv8/built-in.o
 .text.__asm_flush_dcache_all
                0x0000000000000000        0x8 arch/arm/cpu/armv8/built-in.o
 .text.__asm_invalidate_dcache_all
                0x0000000000000000        0x8 arch/arm/cpu/armv8/built-in.o
 .text.__asm_flush_dcache_range
                0x0000000000000000       0x3c arch/arm/cpu/armv8/built-in.o
 .text.__asm_invalidate_dcache_range
                0x0000000000000000       0x34 arch/arm/cpu/armv8/built-in.o
 .text.__asm_invalidate_l3_dcache
                0x0000000000000000        0x8 arch/arm/cpu/armv8/built-in.o
 .text.__asm_flush_l3_dcache
                0x0000000000000000        0x8 arch/arm/cpu/armv8/built-in.o
 .text.__asm_invalidate_l3_icache
                0x0000000000000000        0x8 arch/arm/cpu/armv8/built-in.o
 .text.__asm_switch_ttbr
                0x0000000000000000       0xe0 arch/arm/cpu/armv8/built-in.o
 .text.__asm_invalidate_tlb_all
                0x0000000000000000       0x4c arch/arm/cpu/armv8/built-in.o
 .text.armv8_switch_to_el2
                0x0000000000000000       0xb8 arch/arm/cpu/armv8/built-in.o
 .text.armv8_switch_to_el1
                0x0000000000000000       0xd0 arch/arm/cpu/armv8/built-in.o
 .text.armv8_el2_to_aarch32
                0x0000000000000000        0x4 arch/arm/cpu/armv8/built-in.o
 .text.smc_call
                0x0000000000000000       0x44 arch/arm/cpu/armv8/built-in.o
 .text.psci_system_reset
                0x0000000000000000       0x20 arch/arm/cpu/armv8/built-in.o
 .text.psci_system_off
                0x0000000000000000       0x20 arch/arm/cpu/armv8/built-in.o
 .text.reset_misc
                0x0000000000000000        0xc arch/arm/cpu/armv8/built-in.o
 .rodata.arch_get_page_table.str1.1
                0x0000000000000000       0x1e arch/arm/cpu/armv8/built-in.o
 .rodata.create_table.str1.1
                0x0000000000000000       0x62 arch/arm/cpu/armv8/built-in.o
 .rodata.mmu_set_region_dcache_behaviour.str1.1
                0x0000000000000000       0x20 arch/arm/cpu/armv8/built-in.o
 .rodata.set_one_region.str1.1
                0x0000000000000000       0x2e arch/arm/cpu/armv8/built-in.o
 .rodata.setup_pgtables.str1.1
                0x0000000000000000       0x2d arch/arm/cpu/armv8/built-in.o
 .rodata.split_block.str1.1
                0x0000000000000000       0x74 arch/arm/cpu/armv8/built-in.o
 .eh_frame      0x0000000000000000       0x48 arch/arm/cpu/armv8/built-in.o
 .data          0x0000000000000000        0x0 arch/arm/cpu/armv8/built-in.o
 .bss           0x0000000000000000        0x0 arch/arm/cpu/armv8/built-in.o
 .text          0x0000000000000000      0x1ec arch/arm/lib/built-in.o
 .text.board_init_f
                0x0000000000000000        0x4 arch/arm/lib/built-in.o
 .text.bootz_setup
                0x0000000000000000       0x7c arch/arm/lib/built-in.o
 .text.board_fdt_fixup
                0x0000000000000000        0x8 arch/arm/lib/built-in.o
 .text.arch_fixup_fdt
                0x0000000000000000       0x94 arch/arm/lib/built-in.o
 .text.arch_reserve_stacks
                0x0000000000000000       0x1c arch/arm/lib/built-in.o
 .text.interrupt_init
                0x0000000000000000        0x8 arch/arm/lib/built-in.o
 .text.enable_interrupts
                0x0000000000000000        0x4 arch/arm/lib/built-in.o
 .text.disable_interrupts
                0x0000000000000000        0x8 arch/arm/lib/built-in.o
 .text.show_regs
                0x0000000000000000       0xc8 arch/arm/lib/built-in.o
 .text.do_bad_sync
                0x0000000000000000       0x30 arch/arm/lib/built-in.o
 .text.do_bad_irq
                0x0000000000000000       0x30 arch/arm/lib/built-in.o
 .text.do_bad_fiq
                0x0000000000000000       0x30 arch/arm/lib/built-in.o
 .text.do_bad_error
                0x0000000000000000       0x30 arch/arm/lib/built-in.o
 .text.do_sync  0x0000000000000000       0x30 arch/arm/lib/built-in.o
 .text.do_irq   0x0000000000000000       0x30 arch/arm/lib/built-in.o
 .text.do_fiq   0x0000000000000000       0x30 arch/arm/lib/built-in.o
 .text.do_error
                0x0000000000000000       0x30 arch/arm/lib/built-in.o
 .text.dump_core_stack
                0x0000000000000000       0xe0 arch/arm/lib/built-in.o
 .text.dump_stack
                0x0000000000000000       0x3c arch/arm/lib/built-in.o
 .text.enable_caches
                0x0000000000000000        0xc arch/arm/lib/built-in.o
 .text.invalidate_dcache_range
                0x0000000000000000        0x4 arch/arm/lib/built-in.o
 .text.flush_dcache_range
                0x0000000000000000        0x4 arch/arm/lib/built-in.o
 .text.flush_cache
                0x0000000000000000        0x8 arch/arm/lib/built-in.o
 .text.flush_dcache_all
                0x0000000000000000        0xc arch/arm/lib/built-in.o
 .text.check_cache_range
                0x0000000000000000       0x1c arch/arm/lib/built-in.o
 .text.noncached_init
                0x0000000000000000       0x38 arch/arm/lib/built-in.o
 .text.noncached_alloc
                0x0000000000000000       0x4c arch/arm/lib/built-in.o
 .text.fdt_psci
                0x0000000000000000        0x8 arch/arm/lib/built-in.o
 .rodata.arch_fixup_fdt.str1.1
                0x0000000000000000       0x33 arch/arm/lib/built-in.o
 .rodata.do_bad_error.str1.1
                0x0000000000000000       0x29 arch/arm/lib/built-in.o
 .rodata.do_bad_fiq.str1.1
                0x0000000000000000       0x27 arch/arm/lib/built-in.o
 .rodata.do_bad_irq.str1.1
                0x0000000000000000       0x27 arch/arm/lib/built-in.o
 .rodata.do_bad_sync.str1.1
                0x0000000000000000       0x48 arch/arm/lib/built-in.o
 .rodata.do_error.str1.1
                0x0000000000000000       0x1d arch/arm/lib/built-in.o
 .rodata.do_fiq.str1.1
                0x0000000000000000       0x1b arch/arm/lib/built-in.o
 .rodata.do_irq.str1.1
                0x0000000000000000       0x1b arch/arm/lib/built-in.o
 .rodata.do_sync.str1.1
                0x0000000000000000       0x29 arch/arm/lib/built-in.o
 .rodata.show_regs.str1.1
                0x0000000000000000       0x52 arch/arm/lib/built-in.o
 .rodata.dump_core_stack.str1.1
                0x0000000000000000       0xd6 arch/arm/lib/built-in.o
 .rodata.enable_caches.str1.1
                0x0000000000000000       0x1d arch/arm/lib/built-in.o
 .data          0x0000000000000000        0x0 arch/arm/lib/built-in.o
 .__efi_runtime_rel_start
                0x0000000000000000        0x0 arch/arm/lib/built-in.o
 .__efi_runtime_rel_stop
                0x0000000000000000        0x0 arch/arm/lib/built-in.o
 .__efi_runtime_start
                0x0000000000000000        0x0 arch/arm/lib/built-in.o
 .__efi_runtime_stop
                0x0000000000000000        0x0 arch/arm/lib/built-in.o
 .__end         0x0000000000000000        0x0 arch/arm/lib/built-in.o
 .__image_copy_end
                0x0000000000000000        0x0 arch/arm/lib/built-in.o
 .__image_copy_start
                0x0000000000000000        0x0 arch/arm/lib/built-in.o
 .__rel_dyn_end
                0x0000000000000000        0x0 arch/arm/lib/built-in.o
 .__rel_dyn_start
                0x0000000000000000        0x0 arch/arm/lib/built-in.o
 .__secure_end  0x0000000000000000        0x0 arch/arm/lib/built-in.o
 .__secure_stack_end
                0x0000000000000000        0x0 arch/arm/lib/built-in.o
 .__secure_stack_start
                0x0000000000000000        0x0 arch/arm/lib/built-in.o
 .__secure_start
                0x0000000000000000        0x0 arch/arm/lib/built-in.o
 .bss           0x0000000000000000        0x0 arch/arm/lib/built-in.o
 .bss.noncached_end
                0x0000000000000000        0x8 arch/arm/lib/built-in.o
 .bss.noncached_next
                0x0000000000000000        0x8 arch/arm/lib/built-in.o
 .text          0x0000000000000000        0x0 board/rockchip/evb_rk3588/built-in.o
 .text.usb_gadget_handle_interrupts
                0x0000000000000000       0x1c board/rockchip/evb_rk3588/built-in.o
 .text.board_usb_init
                0x0000000000000000        0xc board/rockchip/evb_rk3588/built-in.o
 .data          0x0000000000000000        0x0 board/rockchip/evb_rk3588/built-in.o
 .data.dwc3_device_data
                0x0000000000000000       0x68 board/rockchip/evb_rk3588/built-in.o
 .bss           0x0000000000000000        0x0 board/rockchip/evb_rk3588/built-in.o
 .comment       0x0000000000000000       0x2e board/rockchip/evb_rk3588/built-in.o
 .note.GNU-stack
                0x0000000000000000        0x0 board/rockchip/evb_rk3588/built-in.o
 .debug_aranges
                0x0000000000000000       0x40 board/rockchip/evb_rk3588/built-in.o
 .debug_info    0x0000000000000000     0x1307 board/rockchip/evb_rk3588/built-in.o
 .debug_abbrev  0x0000000000000000      0x27a board/rockchip/evb_rk3588/built-in.o
 .debug_line    0x0000000000000000      0x22c board/rockchip/evb_rk3588/built-in.o
 .debug_frame   0x0000000000000000       0x50 board/rockchip/evb_rk3588/built-in.o
 .debug_str     0x0000000000000000     0x14d1 board/rockchip/evb_rk3588/built-in.o
 .debug_loc     0x0000000000000000       0x72 board/rockchip/evb_rk3588/built-in.o
 .debug_ranges  0x0000000000000000       0x30 board/rockchip/evb_rk3588/built-in.o
 .text          0x0000000000000000        0x0 common/init/built-in.o
 .text.board_init_f_alloc_reserve
                0x0000000000000000       0x10 common/init/built-in.o
 .text.board_init_f_init_reserve
                0x0000000000000000       0x30 common/init/built-in.o
 .text.board_init_f_boot_flags
                0x0000000000000000       0x24 common/init/built-in.o
 .data          0x0000000000000000        0x0 common/init/built-in.o
 .bss           0x0000000000000000        0x0 common/init/built-in.o
 .text          0x0000000000000000        0x0 disk/built-in.o
 .text.part_driver_lookup_type
                0x0000000000000000       0xac disk/built-in.o
 .text.part_get_info_by_name_option
                0x0000000000000000       0xd8 disk/built-in.o
 .text.blk_get_dev
                0x0000000000000000       0x3c disk/built-in.o
 .text.dev_print
                0x0000000000000000      0x1dc disk/built-in.o
 .text.part_init
                0x0000000000000000       0x7c disk/built-in.o
 .text.part_print
                0x0000000000000000       0x54 disk/built-in.o
 .text.part_get_type
                0x0000000000000000       0x40 disk/built-in.o
 .text.part_get_info
                0x0000000000000000       0x64 disk/built-in.o
 .text.part_get_info_whole_disk
                0x0000000000000000       0x50 disk/built-in.o
 .text.blk_get_device_by_str
                0x0000000000000000      0x164 disk/built-in.o
 .text.blk_get_device_part_str
                0x0000000000000000      0x378 disk/built-in.o
 .text.part_get_info_by_name
                0x0000000000000000        0x8 disk/built-in.o
 .text.part_get_info_by_name_strict
                0x0000000000000000        0x8 disk/built-in.o
 .text.part_set_generic_name
                0x0000000000000000       0x48 disk/built-in.o
 .rodata.dev_print
                0x0000000000000000       0x1c disk/built-in.o
 .rodata.CSWTCH.42
                0x0000000000000000       0x40 disk/built-in.o
 .rodata.blk_get_device_by_str.str1.1
                0x0000000000000000       0x6a disk/built-in.o
 .rodata.blk_get_device_part_str.str1.1
                0x0000000000000000      0x109 disk/built-in.o
 .rodata.dev_print.str1.1
                0x0000000000000000      0x15e disk/built-in.o
 .rodata.part_get_info_whole_disk.str1.1
                0x0000000000000000       0x12 disk/built-in.o
 .rodata.part_print.str1.1
                0x0000000000000000       0x24 disk/built-in.o
 .rodata.part_set_generic_name.str1.1
                0x0000000000000000        0xa disk/built-in.o
 .rodata.str1.1
                0x0000000000000000       0x16 disk/built-in.o
 .data          0x0000000000000000        0x0 disk/built-in.o
 .bss           0x0000000000000000        0x0 disk/built-in.o
 .text          0x0000000000000000        0x0 drivers/built-in.o
 .text._serial_putc
                0x0000000000000000       0x58 drivers/built-in.o
 .text.__serial_getc
                0x0000000000000000       0x40 drivers/built-in.o
 .text.__serial_tstc
                0x0000000000000000       0x20 drivers/built-in.o
 .text.__serial_clear
                0x0000000000000000       0x18 drivers/built-in.o
 .text.serial_init
                0x0000000000000000        0x8 drivers/built-in.o
 .text.serial_initialize
                0x0000000000000000        0x4 drivers/built-in.o
 .text.serial_putc
                0x0000000000000000       0x1c drivers/built-in.o
 .text.serial_puts
                0x0000000000000000       0x44 drivers/built-in.o
 .text.serial_getc
                0x0000000000000000       0x14 drivers/built-in.o
 .text.serial_tstc
                0x0000000000000000       0x14 drivers/built-in.o
 .text.serial_setbrg
                0x0000000000000000       0x30 drivers/built-in.o
 .text.serial_clear
                0x0000000000000000       0x14 drivers/built-in.o
 .text.serial_dev_putc
                0x0000000000000000       0x10 drivers/built-in.o
 .text.serial_dev_puts
                0x0000000000000000       0x40 drivers/built-in.o
 .text.serial_dev_getc
                0x0000000000000000       0x10 drivers/built-in.o
 .text.serial_dev_tstc
                0x0000000000000000       0x10 drivers/built-in.o
 .text.serial_dev_setbrg
                0x0000000000000000       0x1c drivers/built-in.o
 .text.serial_dev_clear
                0x0000000000000000        0xc drivers/built-in.o
 .text.serial_stdio_init
                0x0000000000000000        0x4 drivers/built-in.o
 .text.ns16550_writeb.isra.0
                0x0000000000000000       0x1c drivers/built-in.o
 .text.NS16550_setbrg
                0x0000000000000000       0x54 drivers/built-in.o
 .text.ns16550_serial_setbrg
                0x0000000000000000       0x3c drivers/built-in.o
 .text.ns16550_serial_clear
                0x0000000000000000       0x28 drivers/built-in.o
 .text.ns16550_readb.isra.1
                0x0000000000000000       0x1c drivers/built-in.o
 .text.ns16550_serial_pending
                0x0000000000000000       0x44 drivers/built-in.o
 .text.ns16550_serial_putc
                0x0000000000000000       0x48 drivers/built-in.o
 .text.ns16550_serial_getc
                0x0000000000000000       0x3c drivers/built-in.o
 .text.ns16550_calc_divisor
                0x0000000000000000       0x10 drivers/built-in.o
 .text.NS16550_init
                0x0000000000000000       0x70 drivers/built-in.o
 .text.NS16550_reinit
                0x0000000000000000       0x5c drivers/built-in.o
 .text.NS16550_putc
                0x0000000000000000       0x34 drivers/built-in.o
 .text.NS16550_getc
                0x0000000000000000       0x30 drivers/built-in.o
 .text.NS16550_tstc
                0x0000000000000000       0x20 drivers/built-in.o
 .text.printch  0x0000000000000000       0x68 drivers/built-in.o
 .text.debug_uart_getc
                0x0000000000000000       0x38 drivers/built-in.o
 .text.debug_uart_tstc
                0x0000000000000000       0x34 drivers/built-in.o
 .text.debug_uart_clrc
                0x0000000000000000       0x30 drivers/built-in.o
 .text.debug_uart_flushc
                0x0000000000000000       0x34 drivers/built-in.o
 .text.debug_uart_setbrg
                0x0000000000000000       0x64 drivers/built-in.o
 .text.printhex2
                0x0000000000000000       0x5c drivers/built-in.o
 .text.printhex4
                0x0000000000000000       0x5c drivers/built-in.o
 .text.printhex8
                0x0000000000000000       0x5c drivers/built-in.o
 .text.printdec
                0x0000000000000000       0xac drivers/built-in.o
 .text.ns16550_serial_probe
                0x0000000000000000       0x40 drivers/built-in.o
 .rodata.ns16550_serial_ops
                0x0000000000000000       0x28 drivers/built-in.o
 .data          0x0000000000000000        0x0 drivers/built-in.o
 .bss           0x0000000000000000        0x0 drivers/built-in.o
 .text          0x0000000000000000        0x0 fs/built-in.o
 .text.fs_devread
                0x0000000000000000      0x25c fs/built-in.o
 .rodata.__func__.4565
                0x0000000000000000        0xb fs/built-in.o
 .rodata.fs_devread.str1.1
                0x0000000000000000       0x98 fs/built-in.o
 .data          0x0000000000000000        0x0 fs/built-in.o
 .bss           0x0000000000000000        0x0 fs/built-in.o
 .comment       0x0000000000000000       0x2e fs/built-in.o
 .note.GNU-stack
                0x0000000000000000        0x0 fs/built-in.o
 .debug_aranges
                0x0000000000000000       0x30 fs/built-in.o
 .debug_info    0x0000000000000000     0x1171 fs/built-in.o
 .debug_abbrev  0x0000000000000000      0x36d fs/built-in.o
 .debug_line    0x0000000000000000      0x22f fs/built-in.o
 .debug_frame   0x0000000000000000       0x60 fs/built-in.o
 .debug_str     0x0000000000000000      0xb79 fs/built-in.o
 .debug_loc     0x0000000000000000      0xac1 fs/built-in.o
 .debug_ranges  0x0000000000000000      0x170 fs/built-in.o

Memory Configuration

Name             Origin             Length             Attributes
*default*        0x0000000000000000 0xffffffffffffffff

Linker script and memory map

                0x0000000000000000                . = 0x0

.text           0x00000000fdcc1000      0x348
                0x00000000fdcc1000                . = ALIGN (0x8)
 *(.__image_copy_start)
 arch/arm/cpu/armv8/start.o(.text*)
 .text          0x00000000fdcc1000       0x10 arch/arm/cpu/armv8/start.o
                0x00000000fdcc1000                _start
                0x00000000fdcc1008                save_boot_params_ret
 *(.text*)
 .text.board_debug_uart_init
                0x00000000fdcc1010       0x30 arch/arm/mach-rockchip/built-in.o
                0x00000000fdcc1010                board_debug_uart_init
 .text.rockchip_stimer_init
                0x00000000fdcc1040       0x94 arch/arm/mach-rockchip/built-in.o
                0x00000000fdcc1040                rockchip_stimer_init
 .text.back_to_bootrom
                0x00000000fdcc10d4       0x18 arch/arm/mach-rockchip/built-in.o
                0x00000000fdcc10d4                back_to_bootrom
 .text.save_boot_params
                0x00000000fdcc10ec       0x98 arch/arm/mach-rockchip/built-in.o
                0x00000000fdcc10ec                save_boot_params
 .text.timer_init
                0x00000000fdcc1184        0x8 arch/arm/mach-rockchip/built-in.o
                0x00000000fdcc1184                timer_init
 .text.hang     0x00000000fdcc118c       0x14 arch/arm/mach-rockchip/built-in.o
                0x00000000fdcc118c                hang
 .text.arch_cpu_init
                0x00000000fdcc11a0        0x8 arch/arm/mach-rockchip/built-in.o
                0x00000000fdcc11a0                arch_cpu_init
 .text.board_init_f
                0x00000000fdcc11a8       0x34 arch/arm/mach-rockchip/built-in.o
                0x00000000fdcc11a8                board_init_f
 .text.__asm_invalidate_icache_all
                0x00000000fdcc11dc        0xc arch/arm/cpu/armv8/built-in.o
                0x00000000fdcc11dc                __asm_invalidate_icache_all
 .text.setjmp   0x00000000fdcc11e8       0x28 arch/arm/lib/built-in.o
                0x00000000fdcc11e8                setjmp
 .text.longjmp  0x00000000fdcc1210       0x40 arch/arm/lib/built-in.o
                0x00000000fdcc1210                longjmp
 .text.show_boot_progress
                0x00000000fdcc1250        0x4 common/init/built-in.o
                0x00000000fdcc1250                show_boot_progress
 .text.sdram_init
                0x00000000fdcc1254        0x8 drivers/built-in.o
                0x00000000fdcc1254                sdram_init
 .text.printascii
                0x00000000fdcc125c       0x7c drivers/built-in.o
                0x00000000fdcc125c                printascii
 .text.debug_uart_init
                0x00000000fdcc12d8       0x70 drivers/built-in.o
                0x00000000fdcc12d8                debug_uart_init

.iplt           0x00000000fdcc1348        0x0
 .iplt          0x00000000fdcc1348        0x0 arch/arm/cpu/armv8/start.o

.rodata         0x00000000fdcc1348       0x2e
                0x00000000fdcc1348                . = ALIGN (0x8)
 *(SORT(.rodata*))
 .rodata.board_init_f.str1.1
                0x00000000fdcc1348       0x2e arch/arm/mach-rockchip/built-in.o

.rela.dyn       0x00000000fdcc1378        0x0
 .rela.iplt     0x00000000fdcc1378        0x0 arch/arm/cpu/armv8/start.o

.data           0x00000000fdcc1378       0x68
                0x00000000fdcc1378                . = ALIGN (0x8)
 *(.data*)
 .data          0x00000000fdcc1378       0x68 arch/arm/mach-rockchip/built-in.o

.igot.plt       0x00000000fdcc13e0        0x0
 .igot.plt      0x00000000fdcc13e0        0x0 arch/arm/cpu/armv8/start.o

.u_boot_list    0x00000000fdcc13e0        0x0
                0x00000000fdcc13e0                . = ALIGN (0x8)
 *(SORT(.u_boot_list*))
 .u_boot_list_2_part_driver_1
                0x00000000fdcc13e0        0x0 disk/built-in.o
 .u_boot_list_2_part_driver_3
                0x00000000fdcc13e0        0x0 disk/built-in.o

.image_copy_end
                0x00000000fdcc13e0        0x0
                0x00000000fdcc13e0                . = ALIGN (0x8)
 *(.__image_copy_end)

.end            0x00000000fdcc13e0        0x0
                0x00000000fdcc13e0                . = ALIGN (0x8)
 *(.__end)
                0x00000000fdcc13e0                _image_binary_end = .

.bss_start      0x00000000fdcc13e0        0x0
                0x00000000fdcc13e0                . = ALIGN (0x8)
 *(.__bss_start)
 .__bss_start   0x00000000fdcc13e0        0x0 arch/arm/lib/built-in.o
                0x00000000fdcc13e0                __bss_start

.bss            0x00000000fdcc13e0        0x0
 *(.bss*)
                0x00000000fdcc13e0                . = ALIGN (0x8)

.bss_end        0x00000000fdcc13e0        0x0
 *(.__bss_end)
 .__bss_end     0x00000000fdcc13e0        0x0 arch/arm/lib/built-in.o
                0x00000000fdcc13e0                __bss_end

/DISCARD/
 *(.dynsym)
 *(.dynstr*)
 *(.dynamic*)
 *(.plt*)
 *(.interp*)
 *(.gnu*)
                0x0000000000000001                ASSERT (((__image_copy_end - __image_copy_start) < 0xf000), TPL image too big)
Address of section .text set to 0xfdcc1000
LOAD arch/arm/cpu/armv8/start.o
START GROUP
LOAD arch/arm/mach-rockchip/built-in.o
LOAD arch/arm/cpu/armv8/built-in.o
LOAD arch/arm/cpu/built-in.o
LOAD arch/arm/lib/built-in.o
LOAD board/rockchip/evb_rk3588/built-in.o
LOAD common/init/built-in.o
LOAD disk/built-in.o
LOAD drivers/built-in.o
LOAD dts/built-in.o
LOAD fs/built-in.o
END GROUP
LOAD /home/ubuntu/workspace/3588_edge/prebuilts/gcc/linux-x86/aarch64/gcc-linaro-6.3.1-2017.05-x86_64_aarch64-linux-gnu/bin/../lib/gcc/aarch64-linux-gnu/6.3.1/libgcc.a
OUTPUT(u-boot-tpl elf64-littleaarch64)

.debug_line     0x0000000000000000     0x4b0f
 .debug_line    0x0000000000000000       0x5c arch/arm/cpu/armv8/start.o
 .debug_line    0x000000000000005c     0x17cf arch/arm/mach-rockchip/built-in.o
 .debug_line    0x000000000000182b     0x1093 arch/arm/cpu/armv8/built-in.o
 .debug_line    0x00000000000028be     0x1026 arch/arm/lib/built-in.o
 .debug_line    0x00000000000038e4      0x1cd common/init/built-in.o
 .debug_line    0x0000000000003ab1      0x4b7 disk/built-in.o
 .debug_line    0x0000000000003f68      0xba7 drivers/built-in.o

.debug_info     0x0000000000000000    0x23cc9
 .debug_info    0x0000000000000000       0x7b arch/arm/cpu/armv8/start.o
 .debug_info    0x000000000000007b     0xdce4 arch/arm/mach-rockchip/built-in.o
 .debug_info    0x000000000000dd5f     0x58ed arch/arm/cpu/armv8/built-in.o
 .debug_info    0x000000000001364c     0x7652 arch/arm/lib/built-in.o
 .debug_info    0x000000000001ac9e     0x1031 common/init/built-in.o
 .debug_info    0x000000000001bccf     0x2523 disk/built-in.o
 .debug_info    0x000000000001e1f2     0x5ad7 drivers/built-in.o

.debug_abbrev   0x0000000000000000     0x5160
 .debug_abbrev  0x0000000000000000       0x14 arch/arm/cpu/armv8/start.o
 .debug_abbrev  0x0000000000000014     0x1c31 arch/arm/mach-rockchip/built-in.o
 .debug_abbrev  0x0000000000001c45      0xe4f arch/arm/cpu/armv8/built-in.o
 .debug_abbrev  0x0000000000002a94     0x1368 arch/arm/lib/built-in.o
 .debug_abbrev  0x0000000000003dfc      0x2d3 common/init/built-in.o
 .debug_abbrev  0x00000000000040cf      0x53c disk/built-in.o
 .debug_abbrev  0x000000000000460b      0xb55 drivers/built-in.o

.debug_aranges  0x0000000000000000     0x1060
 .debug_aranges
                0x0000000000000000       0x30 arch/arm/cpu/armv8/start.o
 .debug_aranges
                0x0000000000000030      0x3b0 arch/arm/mach-rockchip/built-in.o
 .debug_aranges
                0x00000000000003e0      0x480 arch/arm/cpu/armv8/built-in.o
 .debug_aranges
                0x0000000000000860      0x360 arch/arm/lib/built-in.o
 .debug_aranges
                0x0000000000000bc0       0x60 common/init/built-in.o
 .debug_aranges
                0x0000000000000c20      0x100 disk/built-in.o
 .debug_aranges
                0x0000000000000d20      0x340 drivers/built-in.o

.comment        0x0000000000000000       0x2d
 .comment       0x0000000000000000       0x2d arch/arm/mach-rockchip/built-in.o
                                        0x170 (size before relaxing)
 .comment       0x000000000000002d       0xe6 arch/arm/cpu/armv8/built-in.o
 .comment       0x000000000000002d      0x19e arch/arm/lib/built-in.o
 .comment       0x000000000000002d       0x2e common/init/built-in.o
 .comment       0x000000000000002d       0x2e disk/built-in.o
 .comment       0x000000000000002d       0x8a drivers/built-in.o

.note.GNU-stack
                0x0000000000000000        0x0
 .note.GNU-stack
                0x0000000000000000        0x0 arch/arm/mach-rockchip/built-in.o
 .note.GNU-stack
                0x0000000000000000        0x0 arch/arm/cpu/armv8/built-in.o
 .note.GNU-stack
                0x0000000000000000        0x0 arch/arm/lib/built-in.o
 .note.GNU-stack
                0x0000000000000000        0x0 common/init/built-in.o
 .note.GNU-stack
                0x0000000000000000        0x0 disk/built-in.o
 .note.GNU-stack
                0x0000000000000000        0x0 drivers/built-in.o

.debug_frame    0x0000000000000000     0x1ab0
 .debug_frame   0x0000000000000000      0x6e0 arch/arm/mach-rockchip/built-in.o
 .debug_frame   0x00000000000006e0      0x5d0 arch/arm/cpu/armv8/built-in.o
 .debug_frame   0x0000000000000cb0      0x428 arch/arm/lib/built-in.o
 .debug_frame   0x00000000000010d8       0x88 common/init/built-in.o
 .debug_frame   0x0000000000001160      0x300 disk/built-in.o
 .debug_frame   0x0000000000001460      0x650 drivers/built-in.o

.debug_str      0x0000000000000000     0x4705
 .debug_str     0x0000000000000000     0x35a4 arch/arm/mach-rockchip/built-in.o
                                       0xb51d (size before relaxing)
 .debug_str     0x00000000000035a4      0x565 arch/arm/cpu/armv8/built-in.o
                                       0x4062 (size before relaxing)
 .debug_str     0x0000000000003b09      0x3c7 arch/arm/lib/built-in.o
                                       0x6b21 (size before relaxing)
 .debug_str     0x0000000000003ed0       0x6d common/init/built-in.o
                                       0x10e8 (size before relaxing)
 .debug_str     0x0000000000003f3d      0x31e disk/built-in.o
                                       0x1609 (size before relaxing)
 .debug_str     0x000000000000425b      0x4aa drivers/built-in.o
                                       0x38c8 (size before relaxing)

.debug_loc      0x0000000000000000     0x94c6
 .debug_loc     0x0000000000000000     0x263b arch/arm/mach-rockchip/built-in.o
 .debug_loc     0x000000000000263b     0x21ec arch/arm/cpu/armv8/built-in.o
 .debug_loc     0x0000000000004827      0xafa arch/arm/lib/built-in.o
 .debug_loc     0x0000000000005321      0x1cb common/init/built-in.o
 .debug_loc     0x00000000000054ec     0x1bb4 disk/built-in.o
 .debug_loc     0x00000000000070a0     0x2426 drivers/built-in.o

.debug_ranges   0x0000000000000000     0x1cc0
 .debug_ranges  0x0000000000000000      0x6b0 arch/arm/mach-rockchip/built-in.o
 .debug_ranges  0x00000000000006b0      0x8b0 arch/arm/cpu/armv8/built-in.o
 .debug_ranges  0x0000000000000f60      0x260 arch/arm/lib/built-in.o
 .debug_ranges  0x00000000000011c0       0x50 common/init/built-in.o
 .debug_ranges  0x0000000000001210      0x250 disk/built-in.o
 .debug_ranges  0x0000000000001460      0x860 drivers/built-in.o
